Archive member included to satisfy reference by file (symbol)

libbb/lib.a(appletlib.o)      /home/peter/buildroot-2020.02.8/output/host/arm-buildroot-linux-gnueabihf/sysroot/usr/lib/crt1.o (main)
libbb/lib.a(compare_string_array.o)
                              libbb/lib.a(appletlib.o) (is_prefixed_with)
libbb/lib.a(concat_path_file.o)
                              libbb/lib.a(appletlib.o) (concat_path_file)
libbb/lib.a(default_error_retval.o)
                              libbb/lib.a(appletlib.o) (xfunc_error_retval)
libbb/lib.a(get_last_path_component.o)
                              libbb/lib.a(appletlib.o) (bb_basename)
libbb/lib.a(last_char_is.o)   libbb/lib.a(concat_path_file.o) (last_char_is)
libbb/lib.a(messages.o)       libbb/lib.a(appletlib.o) (bb_busybox_exec_path)
libbb/lib.a(perror_msg.o)     libbb/lib.a(appletlib.o) (bb_simple_perror_msg)
libbb/lib.a(ptr_to_globals.o)
                              libbb/lib.a(appletlib.o) (bb_errno)
libbb/lib.a(verror_msg.o)     libbb/lib.a(perror_msg.o) (bb_verror_msg)
libbb/lib.a(xfunc_die.o)      libbb/lib.a(appletlib.o) (xfunc_die)
libbb/lib.a(xfuncs.o)         libbb/lib.a(appletlib.o) (full_write1_str)
libbb/lib.a(xfuncs_printf.o)  libbb/lib.a(verror_msg.o) (fflush_all)
libbb/lib.a(xreadlink.o)      libbb/lib.a(appletlib.o) (xmalloc_readlink)
libbb/lib.a(copyfd.o)         libbb/lib.a(xfuncs_printf.o) (bb_copyfd_eof)
libbb/lib.a(full_write.o)     libbb/lib.a(verror_msg.o) (full_write)
libbb/lib.a(read.o)           libbb/lib.a(copyfd.o) (safe_read)
libbb/lib.a(safe_write.o)     libbb/lib.a(full_write.o) (safe_write)
libbb/lib.a(signals.o)        libbb/lib.a(xfuncs_printf.o) (kill_myself_with_sig)
libbb/lib.a(time.o)           libbb/lib.a(xfuncs_printf.o) (monotonic_us)
libbb/lib.a(bb_strtonum.o)    libbb/lib.a(time.o) (bb_strtol)
loginutils/lib.a(addgroup.o)  libbb/lib.a(appletlib.o) (addgroup_main)
loginutils/lib.a(adduser.o)   libbb/lib.a(appletlib.o) (adduser_main)
loginutils/lib.a(cryptpw.o)   libbb/lib.a(appletlib.o) (cryptpw_main)
loginutils/lib.a(deluser.o)   libbb/lib.a(appletlib.o) (deluser_main)
loginutils/lib.a(getty.o)     libbb/lib.a(appletlib.o) (getty_main)
loginutils/lib.a(login.o)     libbb/lib.a(appletlib.o) (login_main)
loginutils/lib.a(passwd.o)    libbb/lib.a(appletlib.o) (passwd_main)
loginutils/lib.a(su.o)        libbb/lib.a(appletlib.o) (su_main)
loginutils/lib.a(sulogin.o)   libbb/lib.a(appletlib.o) (sulogin_main)
loginutils/lib.a(vlock.o)     libbb/lib.a(appletlib.o) (vlock_main)
miscutils/lib.a(bc.o)         libbb/lib.a(appletlib.o) (bc_main)
miscutils/lib.a(crond.o)      libbb/lib.a(appletlib.o) (crond_main)
miscutils/lib.a(crontab.o)    libbb/lib.a(appletlib.o) (crontab_main)
miscutils/lib.a(devmem.o)     libbb/lib.a(appletlib.o) (devmem_main)
miscutils/lib.a(hdparm.o)     libbb/lib.a(appletlib.o) (hdparm_main)
miscutils/lib.a(hexedit.o)    libbb/lib.a(appletlib.o) (hexedit_main)
miscutils/lib.a(i2c_tools.o)  libbb/lib.a(appletlib.o) (i2cget_main)
miscutils/lib.a(less.o)       libbb/lib.a(appletlib.o) (less_main)
miscutils/lib.a(lsscsi.o)     libbb/lib.a(appletlib.o) (lsscsi_main)
miscutils/lib.a(makedevs.o)   libbb/lib.a(appletlib.o) (makedevs_main)
miscutils/lib.a(microcom.o)   libbb/lib.a(appletlib.o) (microcom_main)
miscutils/lib.a(mt.o)         libbb/lib.a(appletlib.o) (mt_main)
miscutils/lib.a(partprobe.o)  libbb/lib.a(appletlib.o) (partprobe_main)
miscutils/lib.a(runlevel.o)   libbb/lib.a(appletlib.o) (runlevel_main)
miscutils/lib.a(setfattr.o)   libbb/lib.a(appletlib.o) (setfattr_main)
miscutils/lib.a(setserial.o)  libbb/lib.a(appletlib.o) (setserial_main)
miscutils/lib.a(strings.o)    libbb/lib.a(appletlib.o) (strings_main)
miscutils/lib.a(time.o)       libbb/lib.a(appletlib.o) (time_main)
miscutils/lib.a(ts.o)         libbb/lib.a(appletlib.o) (ts_main)
miscutils/lib.a(ubirename.o)  libbb/lib.a(appletlib.o) (ubirename_main)
miscutils/lib.a(watchdog.o)   libbb/lib.a(appletlib.o) (watchdog_main)
modutils/lib.a(insmod.o)      libbb/lib.a(appletlib.o) (insmod_main)
modutils/lib.a(lsmod.o)       libbb/lib.a(appletlib.o) (lsmod_main)
modutils/lib.a(modprobe.o)    libbb/lib.a(appletlib.o) (modprobe_main)
modutils/lib.a(modutils.o)    modutils/lib.a(modprobe.o) (replace)
modutils/lib.a(rmmod.o)       libbb/lib.a(appletlib.o) (rmmod_main)
networking/lib.a(arp.o)       libbb/lib.a(appletlib.o) (arp_main)
networking/lib.a(arping.o)    libbb/lib.a(appletlib.o) (arping_main)
networking/lib.a(dnsd.o)      libbb/lib.a(appletlib.o) (dnsd_main)
networking/lib.a(ether-wake.o)
                              libbb/lib.a(appletlib.o) (ether_wake_main)
networking/lib.a(hostname.o)  libbb/lib.a(appletlib.o) (hostname_main)
networking/lib.a(ifconfig.o)  libbb/lib.a(appletlib.o) (ifconfig_main)
networking/lib.a(ifupdown.o)  libbb/lib.a(appletlib.o) (ifupdown_main)
networking/lib.a(inetd.o)     libbb/lib.a(appletlib.o) (inetd_main)
networking/lib.a(interface.o)
                              networking/lib.a(ifconfig.o) (in_ib)
[...]
Memory Configuration

Name             Origin             Length             Attributes
*default*        0x0000000000000000 0xffffffffffffffff

Linker script and memory map

LOAD /home/peter/buildroot-2020.02.8/output/host/arm-buildroot-linux-gnueabihf/sysroot/usr/lib/crt1.o
LOAD /home/peter/buildroot-2020.02.8/output/host/arm-buildroot-linux-gnueabihf/sysroot/usr/lib/crti.o
LOAD /home/peter/gcc-arm-9.2-2019.12-x86_64-arm-none-linux-gnueabihf/bin/../lib/gcc/arm-none-linux-gnueabihf/9.2.1/crtbegin.o
START GROUP
LOAD applets/built-in.o
LOAD archival/lib.a
LOAD archival/libarchive/lib.a
LOAD console-tools/lib.a
LOAD coreutils/lib.a
LOAD coreutils/libcoreutils/lib.a
LOAD debianutils/lib.a
LOAD klibc-utils/lib.a
LOAD e2fsprogs/lib.a
LOAD editors/lib.a
LOAD findutils/lib.a
LOAD init/lib.a
LOAD libbb/lib.a
LOAD libpwdgrp/lib.a
LOAD loginutils/lib.a
LOAD mailutils/lib.a
LOAD miscutils/lib.a
LOAD modutils/lib.a
LOAD networking/lib.a
LOAD networking/libiproute/lib.a
LOAD networking/udhcp/lib.a
LOAD printutils/lib.a
LOAD procps/lib.a
LOAD runit/lib.a
LOAD selinux/lib.a
LOAD shell/lib.a
LOAD sysklogd/lib.a
LOAD util-linux/lib.a
LOAD util-linux/volume_id/lib.a
LOAD archival/built-in.o
LOAD archival/libarchive/built-in.o
LOAD console-tools/built-in.o
LOAD coreutils/built-in.o
LOAD coreutils/libcoreutils/built-in.o
LOAD debianutils/built-in.o
LOAD klibc-utils/built-in.o
LOAD e2fsprogs/built-in.o
LOAD editors/built-in.o
LOAD findutils/built-in.o
LOAD init/built-in.o
LOAD libbb/built-in.o
LOAD libpwdgrp/built-in.o
LOAD loginutils/built-in.o
LOAD mailutils/built-in.o
LOAD miscutils/built-in.o
LOAD modutils/built-in.o
LOAD networking/built-in.o
LOAD networking/libiproute/built-in.o
LOAD networking/udhcp/built-in.o
LOAD printutils/built-in.o
LOAD procps/built-in.o
LOAD runit/built-in.o
LOAD selinux/built-in.o
LOAD shell/built-in.o
LOAD sysklogd/built-in.o
LOAD util-linux/built-in.o
LOAD util-linux/volume_id/built-in.o
END GROUP
START GROUP
LOAD /home/peter/buildroot-2020.02.8/output/host/arm-buildroot-linux-gnueabihf/sysroot/usr/lib/libresolv.so
END GROUP
LOAD /home/peter/gcc-arm-9.2-2019.12-x86_64-arm-none-linux-gnueabihf/bin/../lib/gcc/arm-none-linux-gnueabihf/9.2.1/libgcc.a
LOAD /home/peter/gcc-arm-9.2-2019.12-x86_64-arm-none-linux-gnueabihf/bin/../lib/gcc/arm-none-linux-gnueabihf/9.2.1/libgcc_eh.a
LOAD /home/peter/buildroot-2020.02.8/output/host/arm-buildroot-linux-gnueabihf/sysroot/usr/lib/libc.so
START GROUP
LOAD /home/peter/buildroot-2020.02.8/output/host/arm-buildroot-linux-gnueabihf/sysroot/lib/libc.so.6
LOAD /home/peter/buildroot-2020.02.8/output/host/arm-buildroot-linux-gnueabihf/sysroot/usr/lib/libc_nonshared.a
LOAD /home/peter/buildroot-2020.02.8/output/host/arm-buildroot-linux-gnueabihf/sysroot/lib/ld-linux-armhf.so.3
END GROUP
LOAD /home/peter/gcc-arm-9.2-2019.12-x86_64-arm-none-linux-gnueabihf/bin/../lib/gcc/arm-none-linux-gnueabihf/9.2.1/libgcc.a
LOAD /home/peter/gcc-arm-9.2-2019.12-x86_64-arm-none-linux-gnueabihf/bin/../lib/gcc/arm-none-linux-gnueabihf/9.2.1/libgcc_eh.a
LOAD /home/peter/gcc-arm-9.2-2019.12-x86_64-arm-none-linux-gnueabihf/bin/../lib/gcc/arm-none-linux-gnueabihf/9.2.1/crtend.o
LOAD /home/peter/buildroot-2020.02.8/output/host/arm-buildroot-linux-gnueabihf/sysroot/usr/lib/crtn.o
                [!provide]                        PROVIDE (__executable_start = SEGMENT_START ("text-segment", 0x10000))
                0x0000000000010154                . = (SEGMENT_START ("text-segment", 0x10000) + SIZEOF_HEADERS)

.interp         0x0000000000010154       0x19
 *(SORT_BY_ALIGNMENT(.interp))
 .interp        0x0000000000010154       0x19 /home/peter/buildroot-2020.02.8/output/host/arm-buildroot-linux-gnueabihf/sysroot/usr/lib/crt1.o

.note.ABI-tag   0x0000000000010170       0x20
 .note.ABI-tag  0x0000000000010170       0x20 /home/peter/buildroot-2020.02.8/output/host/arm-buildroot-linux-gnueabihf/sysroot/usr/lib/crt1.o

.note.gnu.build-id
 *(SORT_BY_ALIGNMENT(.note.gnu.build-id))

.hash           0x0000000000010190      0x9c8
 *(SORT_BY_ALIGNMENT(.hash))
 .hash          0x0000000000010190      0x9c8 /home/peter/buildroot-2020.02.8/output/host/arm-buildroot-linux-gnueabihf/sysroot/usr/lib/crt1.o

.gnu.hash       0x0000000000010b58      0xac0
 *(SORT_BY_ALIGNMENT(.gnu.hash))
 .gnu.hash      0x0000000000010b58      0xac0 /home/peter/buildroot-2020.02.8/output/host/arm-buildroot-linux-gnueabihf/sysroot/usr/lib/crt1.o

.dynsym         0x0000000000011618     0x1690
 *(SORT_BY_ALIGNMENT(.dynsym))
 .dynsym        0x0000000000011618     0x1690 /home/peter/buildroot-2020.02.8/output/host/arm-buildroot-linux-gnueabihf/sysroot/usr/lib/crt1.o

.dynstr         0x0000000000012ca8      0xc70
 *(SORT_BY_ALIGNMENT(.dynstr))
 .dynstr        0x0000000000012ca8      0xc70 /home/peter/buildroot-2020.02.8/output/host/arm-buildroot-linux-gnueabihf/sysroot/usr/lib/crt1.o

.gnu.version    0x0000000000013918      0x2d2
 *(SORT_BY_ALIGNMENT(.gnu.version))
 .gnu.version   0x0000000000013918      0x2d2 /home/peter/buildroot-2020.02.8/output/host/arm-buildroot-linux-gnueabihf/sysroot/usr/lib/crt1.o

.gnu.version_d  0x0000000000013bec        0x0
 *(SORT_BY_ALIGNMENT(.gnu.version_d))
 .gnu.version_d
                0x0000000000013bec        0x0 /home/peter/buildroot-2020.02.8/output/host/arm-buildroot-linux-gnueabihf/sysroot/usr/lib/crt1.o

.gnu.version_r  0x0000000000013bec       0x70
 *(SORT_BY_ALIGNMENT(.gnu.version_r))
 .gnu.version_r
                0x0000000000013bec       0x70 /home/peter/buildroot-2020.02.8/output/host/arm-buildroot-linux-gnueabihf/sysroot/usr/lib/crt1.o

.rel.dyn        0x0000000000013c5c       0x48
 *(SORT_BY_ALIGNMENT(.rel.init))
 *(SORT_BY_ALIGNMENT(.rel.text) SORT_BY_ALIGNMENT(.rel.text.*) SORT_BY_ALIGNMENT(.rel.gnu.linkonce.t.*))
 *(SORT_BY_ALIGNMENT(.rel.fini))
 *(SORT_BY_ALIGNMENT(.rel.rodata) SORT_BY_ALIGNMENT(.rel.rodata.*) SORT_BY_ALIGNMENT(.rel.gnu.linkonce.r.*))
 *(SORT_BY_ALIGNMENT(.rel.data.rel.ro) SORT_BY_ALIGNMENT(.rel.data.rel.ro.*) SORT_BY_ALIGNMENT(.rel.gnu.linkonce.d.rel.ro.*))
 .rel.data.rel.ro
                0x0000000000013c5c        0x0 /home/peter/buildroot-2020.02.8/output/host/arm-buildroot-linux-gnueabihf/sysroot/usr/lib/crt1.o
 *(SORT_BY_ALIGNMENT(.rel.data) SORT_BY_ALIGNMENT(.rel.data.*) SORT_BY_ALIGNMENT(.rel.gnu.linkonce.d.*))
 *(SORT_BY_ALIGNMENT(.rel.tdata) SORT_BY_ALIGNMENT(.rel.tdata.*) SORT_BY_ALIGNMENT(.rel.gnu.linkonce.td.*))
 *(SORT_BY_ALIGNMENT(.rel.tbss) SORT_BY_ALIGNMENT(.rel.tbss.*) SORT_BY_ALIGNMENT(.rel.gnu.linkonce.tb.*))
 *(SORT_BY_ALIGNMENT(.rel.ctors))
 *(SORT_BY_ALIGNMENT(.rel.dtors))
 *(SORT_BY_ALIGNMENT(.rel.got))
 .rel.got       0x0000000000013c5c        0x8 /home/peter/buildroot-2020.02.8/output/host/arm-buildroot-linux-gnueabihf/sysroot/usr/lib/crt1.o
 *(SORT_BY_ALIGNMENT(.rel.bss) SORT_BY_ALIGNMENT(.rel.bss.*) SORT_BY_ALIGNMENT(.rel.gnu.linkonce.b.*))
 .rel.bss       0x0000000000013c64       0x40 /home/peter/buildroot-2020.02.8/output/host/arm-buildroot-linux-gnueabihf/sysroot/usr/lib/crt1.o
                [!provide]                        PROVIDE (__rel_iplt_start = .)
 *(SORT_BY_ALIGNMENT(.rel.iplt))
 .rel.iplt      0x0000000000013ca4        0x0 /home/peter/buildroot-2020.02.8/output/host/arm-buildroot-linux-gnueabihf/sysroot/usr/lib/crt1.o
                [!provide]                        PROVIDE (__rel_iplt_end = .)

.rela.dyn       0x0000000000013ca4        0x0
 *(SORT_BY_ALIGNMENT(.rela.init))
 *(SORT_BY_ALIGNMENT(.rela.text) SORT_BY_ALIGNMENT(.rela.text.*) SORT_BY_ALIGNMENT(.rela.gnu.linkonce.t.*))
 *(SORT_BY_ALIGNMENT(.rela.fini))
 *(SORT_BY_ALIGNMENT(.rela.rodata) SORT_BY_ALIGNMENT(.rela.rodata.*) SORT_BY_ALIGNMENT(.rela.gnu.linkonce.r.*))
 *(SORT_BY_ALIGNMENT(.rela.data) SORT_BY_ALIGNMENT(.rela.data.*) SORT_BY_ALIGNMENT(.rela.gnu.linkonce.d.*))
 *(SORT_BY_ALIGNMENT(.rela.tdata) SORT_BY_ALIGNMENT(.rela.tdata.*) SORT_BY_ALIGNMENT(.rela.gnu.linkonce.td.*))
 *(SORT_BY_ALIGNMENT(.rela.tbss) SORT_BY_ALIGNMENT(.rela.tbss.*) SORT_BY_ALIGNMENT(.rela.gnu.linkonce.tb.*))
 *(SORT_BY_ALIGNMENT(.rela.ctors))
 *(SORT_BY_ALIGNMENT(.rela.dtors))
 *(SORT_BY_ALIGNMENT(.rela.got))
 *(SORT_BY_ALIGNMENT(.rela.bss) SORT_BY_ALIGNMENT(.rela.bss.*) SORT_BY_ALIGNMENT(.rela.gnu.linkonce.b.*))
                [!provide]                        PROVIDE (__rela_iplt_start = .)
 *(SORT_BY_ALIGNMENT(.rela.iplt))
                [!provide]                        PROVIDE (__rela_iplt_end = .)

.rel.plt        0x0000000000013ca4      0xae0
 *(SORT_BY_ALIGNMENT(.rel.plt))
 .rel.plt       0x0000000000013ca4      0xae0 /home/peter/buildroot-2020.02.8/output/host/arm-buildroot-linux-gnueabihf/sysroot/usr/lib/crt1.o

.rela.plt
 *(SORT_BY_ALIGNMENT(.rela.plt))

.init           0x0000000000014784        0xc
 *(SORT_NONE(.init))
 .init          0x0000000000014784        0x8 /home/peter/buildroot-2020.02.8/output/host/arm-buildroot-linux-gnueabihf/sysroot/usr/lib/crti.o
                0x0000000000014784                _init
 .init          0x000000000001478c        0x4 /home/peter/buildroot-2020.02.8/output/host/arm-buildroot-linux-gnueabihf/sysroot/usr/lib/crtn.o

.plt            0x0000000000014790     0x1070
 *(SORT_BY_ALIGNMENT(.plt))
 .plt           0x0000000000014790     0x1070 /home/peter/buildroot-2020.02.8/output/host/arm-buildroot-linux-gnueabihf/sysroot/usr/lib/crt1.o
                0x00000000000147a4                fdopen@@GLIBC_2.4
                0x00000000000147b0                sched_get_priority_min@@GLIBC_2.4
                0x00000000000147bc                endgrent@@GLIBC_2.4
                0x00000000000147c8                fputs_unlocked@@GLIBC_2.4
                0x00000000000147d4                strstr@@GLIBC_2.4
                0x00000000000147e0                gnu_dev_major@@GLIBC_2.4
                0x00000000000147ec                ether_hostton@@GLIBC_2.4
                0x00000000000147f8                raise@@GLIBC_2.4
                0x0000000000014804                cfmakeraw@@GLIBC_2.4
                0x0000000000014810                vasprintf@@GLIBC_2.4
                0x000000000001481c                sendfile64@@GLIBC_2.4
                0x0000000000014828                gmtime_r@@GLIBC_2.4
                0x0000000000014834                strverscmp@@GLIBC_2.4
                0x0000000000014840                inet_aton@@GLIBC_2.4
                0x000000000001484c                getpwnam@@GLIBC_2.4
                0x0000000000014858                fsync@@GLIBC_2.4
                0x0000000000014864                setitimer@@GLIBC_2.4
                0x0000000000014870                setbuf@@GLIBC_2.4
                0x000000000001487c                strcasestr@@GLIBC_2.4
                0x0000000000014888                strcmp@@GLIBC_2.4
                0x0000000000014894                ns_name_uncompress@@GLIBC_2.9
                0x00000000000148a0                strtol@@GLIBC_2.4
                0x00000000000148ac                getpwuid@@GLIBC_2.4
                0x00000000000148b8                setsockopt@@GLIBC_2.4
                0x00000000000148c4                strcspn@@GLIBC_2.4
                0x00000000000148d0                times@@GLIBC_2.4
                0x00000000000148dc                gnu_dev_makedev@@GLIBC_2.4
                0x00000000000148e8                dprintf@@GLIBC_2.4
                0x00000000000148f4                clearenv@@GLIBC_2.4
                0x0000000000014900                printf@@GLIBC_2.4
                0x000000000001490c                hstrerror@@GLIBC_2.4
                0x0000000000014918                gnu_dev_minor@@GLIBC_2.4
                0x0000000000014924                __isoc99_fscanf@@GLIBC_2.7
                0x0000000000014930                getusershell@@GLIBC_2.4
                0x000000000001493c                regerror@@GLIBC_2.4
                0x0000000000014948                setrlimit64@@GLIBC_2.4
                0x0000000000014954                read@@GLIBC_2.4
                0x0000000000014960                tcflush@@GLIBC_2.4
                0x000000000001496c                mktime@@GLIBC_2.4
                0x0000000000014978                longjmp@@GLIBC_2.4
                0x0000000000014984                fflush@@GLIBC_2.4
                0x0000000000014990                utmpxname@@GLIBC_2.4
                0x000000000001499c                getuid@@GLIBC_2.4
                0x00000000000149a8                sigprocmask@@GLIBC_2.4
                0x00000000000149b4                _setjmp@@GLIBC_2.4
                0x00000000000149c0                memmove@@GLIBC_2.4
                0x00000000000149cc                lsetxattr@@GLIBC_2.4
                0x00000000000149d8                strchrnul@@GLIBC_2.4
                0x00000000000149e4                free@@GLIBC_2.4
                0x00000000000149f0                getresgid@@GLIBC_2.4
                0x00000000000149fc                nanosleep@@GLIBC_2.4
                0x0000000000014a08                fileno_unlocked@@GLIBC_2.4
                0x0000000000014a14                inet_pton@@GLIBC_2.4
                0x0000000000014a20                _exit@@GLIBC_2.4
                0x0000000000014a2c                pututxline@@GLIBC_2.4
                0x0000000000014a38                memcpy@@GLIBC_2.4
                0x0000000000014a44                tcsendbreak@@GLIBC_2.4
                0x0000000000014a50                pivot_root@@GLIBC_2.4
                0x0000000000014a5c                execvp@@GLIBC_2.4
                0x0000000000014a68                execlp@@GLIBC_2.4
                0x0000000000014a74                mmap64@@GLIBC_2.4
                0x0000000000014a80                shmget@@GLIBC_2.4
                0x0000000000014a8c                signal@@GLIBC_2.4
                0x0000000000014a98                time@@GLIBC_2.4
                0x0000000000014aa4                rmdir@@GLIBC_2.4
                0x0000000000014ab0                gethostid@@GLIBC_2.4
                0x0000000000014abc                tcsetpgrp@@GLIBC_2.4
                0x0000000000014ac8                sendmsg@@GLIBC_2.4
                0x0000000000014ad4                ftruncate64@@GLIBC_2.4
                0x0000000000014ae0                memcmp@@GLIBC_2.4
                0x0000000000014aec                inet_ntoa@@GLIBC_2.4
                0x0000000000014af8                select@@GLIBC_2.4
                0x0000000000014b04                swapon@@GLIBC_2.4
                0x0000000000014b10                sleep@@GLIBC_2.4
                0x0000000000014b1c                stpcpy@@GLIBC_2.4
                0x0000000000014b28                getc_unlocked@@GLIBC_2.4
                0x0000000000014b34                uname@@GLIBC_2.4
                0x0000000000014b40                ctime@@GLIBC_2.4
                0x0000000000014b4c                removexattr@@GLIBC_2.4
                0x0000000000014b58                recvfrom@@GLIBC_2.4
                0x0000000000014b64                getpwent@@GLIBC_2.4
                0x0000000000014b70                strdup@@GLIBC_2.4
                0x0000000000014b7c                setutxent@@GLIBC_2.4
                0x0000000000014b88                cfgetispeed@@GLIBC_2.4
                0x0000000000014b94                alarm@@GLIBC_2.4
                0x0000000000014ba0                msgctl@@GLIBC_2.4
                0x0000000000014bac                sysconf@@GLIBC_2.4
                0x0000000000014bb8                unlink@@GLIBC_2.4
                0x0000000000014bc4                dup2@@GLIBC_2.4
                0x0000000000014bd0                reboot@@GLIBC_2.4
                0x0000000000014bdc                getrlimit64@@GLIBC_2.4
                0x0000000000014be8                realloc@@GLIBC_2.4
                0x0000000000014bf4                killpg@@GLIBC_2.4
                0x0000000000014c00                strptime@@GLIBC_2.4
                0x0000000000014c0c                dup@@GLIBC_2.4
                0x0000000000014c18                atoll@@GLIBC_2.4
                0x0000000000014c24                getpriority@@GLIBC_2.4
                0x0000000000014c30                initgroups@@GLIBC_2.4
                0x0000000000014c3c                regexec@@GLIBC_2.4
                0x0000000000014c48                localtime_r@@GLIBC_2.4
                0x0000000000014c54                wait@@GLIBC_2.4
                0x0000000000014c60                getlogin_r@@GLIBC_2.4
                0x0000000000014c6c                ns_initparse@@GLIBC_2.9
                0x0000000000014c78                chdir@@GLIBC_2.4
                0x0000000000014c84                strcasecmp@@GLIBC_2.4
                0x0000000000014c90                getpgrp@@GLIBC_2.4
                0x0000000000014c9c                geteuid@@GLIBC_2.4
                0x0000000000014ca8                strsignal@@GLIBC_2.4
                0x0000000000014cb4                tzset@@GLIBC_2.4
                0x0000000000014cc0                poll@@GLIBC_2.4
                0x0000000000014ccc                accept@@GLIBC_2.4
                0x0000000000014cd8                setgroups@@GLIBC_2.4
                0x0000000000014ce4                cfsetospeed@@GLIBC_2.4
                0x0000000000014cf0                seteuid@@GLIBC_2.4
                0x0000000000014d00                __fxstat64@@GLIBC_2.4
                0x0000000000014d0c                readlink@@GLIBC_2.4
                0x0000000000014d18                getegid@@GLIBC_2.4
                0x0000000000014d24                sigaction@@GLIBC_2.4
                0x0000000000014d30                fwrite@@GLIBC_2.4
                0x0000000000014d3c                strcat@@GLIBC_2.4
                0x0000000000014d48                ioctl@@GLIBC_2.4
                0x0000000000014d54                sched_getscheduler@@GLIBC_2.4
                0x0000000000014d60                lseek64@@GLIBC_2.4
                0x0000000000014d6c                regfree@@GLIBC_2.4
                0x0000000000014d78                strtoll@@GLIBC_2.4
                0x0000000000014d84                capget@@GLIBC_2.4
                0x0000000000014d90                usleep@@GLIBC_2.4
                0x0000000000014d9c                waitpid@@GLIBC_2.4
                0x0000000000014da8                hasmntopt@@GLIBC_2.4
                0x0000000000014db4                tcsetattr@@GLIBC_2.4
                0x0000000000014dc0                munlock@@GLIBC_2.4
                0x0000000000014dcc                strcpy@@GLIBC_2.4
                0x0000000000014dd8                chroot@@GLIBC_2.4
                0x0000000000014de4                gettimeofday@@GLIBC_2.4
                0x0000000000014df0                fread@@GLIBC_2.4
                0x0000000000014dfc                pread64@@GLIBC_2.4
                0x0000000000014e08                sched_yield@@GLIBC_2.4
                0x0000000000014e14                ferror_unlocked@@GLIBC_2.4
                0x0000000000014e20                shmctl@@GLIBC_2.4
                0x0000000000014e2c                getmntent@@GLIBC_2.4
                0x0000000000014e38                opendir@@GLIBC_2.4
                0x0000000000014e44                umount2@@GLIBC_2.4
                0x0000000000014e50                setxattr@@GLIBC_2.4
                0x0000000000014e5c                fnmatch@@GLIBC_2.4
                0x0000000000014e68                open64@@GLIBC_2.4
                0x0000000000014e74                sched_get_priority_max@@GLIBC_2.4
                0x0000000000014e80                getenv@@GLIBC_2.4
                0x0000000000014e8c                setpriority@@GLIBC_2.4
                0x0000000000014e98                mkstemp64@@GLIBC_2.4
                0x0000000000014ea4                puts@@GLIBC_2.4
                0x0000000000014eb0                setgid@@GLIBC_2.4
                0x0000000000014ebc                sysinfo@@GLIBC_2.4
                0x0000000000014ec8                malloc@@GLIBC_2.4
                0x0000000000014ed4                settimeofday@@GLIBC_2.4
                0x0000000000014ee0                sigaddset@@GLIBC_2.4
                0x0000000000014eec                __libc_start_main@@GLIBC_2.4
                0x0000000000014ef8                strerror@@GLIBC_2.4
                0x0000000000014f04                system@@GLIBC_2.4
                0x0000000000014f10                strftime@@GLIBC_2.4
                0x0000000000014f1c                tcdrain@@GLIBC_2.4
                0x0000000000014f28                __h_errno_location@@GLIBC_2.4
                0x0000000000014f34                localtime@@GLIBC_2.4
                0x0000000000014f40                strsep@@GLIBC_2.4
                0x0000000000014f4c                lremovexattr@@GLIBC_2.4
                0x0000000000014f58                mktemp@@GLIBC_2.4
                0x0000000000014f64                closelog@@GLIBC_2.4
                0x0000000000014f70                sethostname@@GLIBC_2.4
                0x0000000000014f7c                dirname@@GLIBC_2.4
                0x0000000000014f94                freopen64@@GLIBC_2.4
                0x0000000000014fa0                mempcpy@@GLIBC_2.4
                0x0000000000014fac                rename@@GLIBC_2.4
                0x0000000000014fb8                getopt_long@@GLIBC_2.4
                0x0000000000014fc4                kill@@GLIBC_2.4
                0x0000000000014fd0                getcwd@@GLIBC_2.4
                0x0000000000014fdc                getpid@@GLIBC_2.4
                0x0000000000014fe8                exit@@GLIBC_2.4
                0x0000000000014ff4                syscall@@GLIBC_2.4
                0x0000000000015000                flock@@GLIBC_2.4
                0x000000000001500c                strtoul@@GLIBC_2.4
                0x0000000000015018                tcgetpgrp@@GLIBC_2.4
                0x0000000000015024                strlen@@GLIBC_2.4
                0x0000000000015030                getchar_unlocked@@GLIBC_2.4
                0x000000000001503c                setsid@@GLIBC_2.4
                0x0000000000015048                vprintf@@GLIBC_2.4
                0x0000000000015054                setpgrp@@GLIBC_2.4
                0x0000000000015060                __libc_current_sigrtmax@@GLIBC_2.4
                0x000000000001506c                sched_getparam@@GLIBC_2.4
                0x0000000000015078                strchr@@GLIBC_2.4
                0x0000000000015084                srand@@GLIBC_2.4
                0x0000000000015090                setenv@@GLIBC_2.4
                0x000000000001509c                personality@@GLIBC_2.4
                0x00000000000150a8                memrchr@@GLIBC_2.4
                0x00000000000150b4                ttyname_r@@GLIBC_2.4
                0x00000000000150c0                fchown@@GLIBC_2.4
                0x00000000000150cc                execve@@GLIBC_2.4
                0x00000000000150d8                getopt@@GLIBC_2.4
                0x00000000000150e4                fprintf@@GLIBC_2.4
                0x00000000000150f0                getpagesize@@GLIBC_2.4
                0x00000000000150fc                cfsetispeed@@GLIBC_2.4
                0x0000000000015108                chown@@GLIBC_2.4
                0x0000000000015114                ungetc@@GLIBC_2.4
                0x0000000000015120                execv@@GLIBC_2.4
                0x000000000001512c                cfgetospeed@@GLIBC_2.4
                0x0000000000015138                sigfillset@@GLIBC_2.4
                0x0000000000015144                __errno_location@@GLIBC_2.4
                0x0000000000015150                getservbyname@@GLIBC_2.4
                0x000000000001515c                strncasecmp@@GLIBC_2.4
                0x0000000000015168                klogctl@@GLIBC_2.4
                0x0000000000015174                snprintf@@GLIBC_2.4
                0x0000000000015180                __isoc99_sscanf@@GLIBC_2.7
                0x000000000001518c                mkdir@@GLIBC_2.4
                0x0000000000015198                semget@@GLIBC_2.4
                0x00000000000151a4                bind@@GLIBC_2.4
                0x00000000000151b0                setvbuf@@GLIBC_2.4
                0x00000000000151bc                getservbyport@@GLIBC_2.4
                0x00000000000151c8                getgid@@GLIBC_2.4
                0x00000000000151d4                getgrouplist@@GLIBC_2.4
                0x00000000000151e0                memset@@GLIBC_2.4
                0x00000000000151ec                getmntent_r@@GLIBC_2.4
                0x00000000000151f8                bsearch@@GLIBC_2.4
                0x0000000000015204                sigtimedwait@@GLIBC_2.4
                0x0000000000015210                utimes@@GLIBC_2.4
                0x000000000001521c                strncpy@@GLIBC_2.4
                0x0000000000015228                mallopt@@GLIBC_2.4
                0x0000000000015234                sigsuspend@@GLIBC_2.4
                0x0000000000015240                strtoull@@GLIBC_2.4
                0x000000000001524c                ns_get16@@GLIBC_2.9
                0x0000000000015258                wait3@@GLIBC_2.4
                0x0000000000015264                statvfs64@@GLIBC_2.4
                0x0000000000015270                prctl@@GLIBC_2.4
                0x000000000001527c                strtod@@GLIBC_2.4
                0x0000000000015288                link@@GLIBC_2.4
                0x0000000000015294                write@@GLIBC_2.4
                0x00000000000152a0                sigdelset@@GLIBC_2.4
                0x00000000000152ac                mlock@@GLIBC_2.4
                0x00000000000152b8                getopt_long_only@@GLIBC_2.4
                0x00000000000152c4                ether_aton_r@@GLIBC_2.4
                0x00000000000152d0                vfork@@GLIBC_2.4
                0x00000000000152dc                memchr@@GLIBC_2.4
                0x00000000000152e8                access@@GLIBC_2.4
                0x00000000000152f4                rand@@GLIBC_2.4
                0x0000000000015300                setegid@@GLIBC_2.4
                0x000000000001530c                fclose@@GLIBC_2.4
                0x0000000000015318                getsid@@GLIBC_2.4
                0x0000000000015324                strnlen@@GLIBC_2.4
                0x0000000000015330                pipe@@GLIBC_2.4
                0x000000000001533c                fseeko64@@GLIBC_2.4
                0x0000000000015348                endmntent@@GLIBC_2.4
                0x0000000000015354                munmap@@GLIBC_2.4
                0x0000000000015360                posix_fallocate64@@GLIBC_2.4
                0x000000000001536c                strtok@@GLIBC_2.4
                0x0000000000015378                fcntl64@@GLIBC_2.28
                0x0000000000015384                semctl@@GLIBC_2.4
                0x0000000000015390                sendto@@GLIBC_2.4
                0x000000000001539c                endutxent@@GLIBC_2.4
                0x00000000000153a8                sigemptyset@@GLIBC_2.4
                0x00000000000153b4                popen@@GLIBC_2.4
                0x00000000000153c0                getresuid@@GLIBC_2.4
                0x00000000000153cc                fork@@GLIBC_2.4
                0x00000000000153d8                execle@@GLIBC_2.4
                0x00000000000153e4                putenv@@GLIBC_2.4
                0x00000000000153f0                stime@@GLIBC_2.4
                0x00000000000153fc                getnameinfo@@GLIBC_2.4
                0x0000000000015408                execl@@GLIBC_2.4
                0x0000000000015414                strrchr@@GLIBC_2.4
                0x0000000000015420                listen@@GLIBC_2.4
                0x000000000001542c                vfprintf@@GLIBC_2.4
                0x0000000000015438                ns_parserr@@GLIBC_2.9
                0x0000000000015444                statfs64@@GLIBC_2.4
                0x0000000000015450                __sigsetjmp@@GLIBC_2.4
                0x000000000001545c                lchown@@GLIBC_2.4
                0x0000000000015468                syslog@@GLIBC_2.4
                0x0000000000015474                symlink@@GLIBC_2.4
                0x0000000000015480                updwtmpx@@GLIBC_2.4
                0x000000000001548c                setuid@@GLIBC_2.4
                0x0000000000015498                setpgid@@GLIBC_2.4
                0x00000000000154a4                clearerr@@GLIBC_2.4
                0x00000000000154b0                sprintf@@GLIBC_2.4
                0x00000000000154bc                readdir64@@GLIBC_2.4
                0x00000000000154c8                mkdtemp@@GLIBC_2.4
                0x00000000000154d4                openlog@@GLIBC_2.4
                0x00000000000154e0                regcomp@@GLIBC_2.4
                0x00000000000154ec                getgroups@@GLIBC_2.4
                0x00000000000154f8                getsockname@@GLIBC_2.4
                0x0000000000015504                __isoc99_scanf@@GLIBC_2.7
                0x0000000000015510                vsnprintf@@GLIBC_2.4
                0x000000000001551c                getppid@@GLIBC_2.4
                0x0000000000015528                atoi@@GLIBC_2.4
                0x0000000000015534                recvmsg@@GLIBC_2.4
                0x0000000000015540                fchdir@@GLIBC_2.4
                0x000000000001554c                fopen64@@GLIBC_2.4
                0x0000000000015558                qsort@@GLIBC_2.4
                0x0000000000015564                strpbrk@@GLIBC_2.4
                0x0000000000015570                msgget@@GLIBC_2.4
                0x000000000001557c                freeaddrinfo@@GLIBC_2.4
                0x0000000000015588                getaddrinfo@@GLIBC_2.4
                0x0000000000015594                capset@@GLIBC_2.4
                0x00000000000155a0                inet_ntop@@GLIBC_2.4
                0x00000000000155ac                fgets_unlocked@@GLIBC_2.4
                0x00000000000155b8                socket@@GLIBC_2.4
                0x00000000000155c4                sched_getaffinity@@GLIBC_2.4
                0x00000000000155d0                setmntent@@GLIBC_2.4
                0x00000000000155dc                ns_get32@@GLIBC_2.9
                0x00000000000155e8                cfsetspeed@@GLIBC_2.4
                0x00000000000155f4                atof@@GLIBC_2.4
                0x0000000000015600                inet_addr@@GLIBC_2.4
                0x000000000001560c                __cmsg_nxthdr@@GLIBC_2.4
                0x0000000000015618                sync@@GLIBC_2.4
                0x0000000000015624                getline@@GLIBC_2.4
                0x0000000000015630                __libc_current_sigrtmin@@GLIBC_2.4
                0x000000000001563c                if_nametoindex@@GLIBC_2.4
                0x0000000000015648                getspnam_r@@GLIBC_2.4
                0x0000000000015654                umask@@GLIBC_2.4
                0x0000000000015660                swapoff@@GLIBC_2.4
                0x000000000001566c                chmod@@GLIBC_2.4
                0x0000000000015678                gethostbyname@@GLIBC_2.4
                0x0000000000015688                __xstat64@@GLIBC_2.4
                0x0000000000015694                isatty@@GLIBC_2.4
                0x00000000000156a0                __xmknod@@GLIBC_2.4
                0x00000000000156ac                unsetenv@@GLIBC_2.4
                0x00000000000156b8                __res_mkquery@@GLIBC_2.4
                0x00000000000156c4                fputs@@GLIBC_2.4
                0x00000000000156d0                strncmp@@GLIBC_2.4
                0x00000000000156dc                fdatasync@@GLIBC_2.4
                0x00000000000156e8                abort@@GLIBC_2.4
                0x00000000000156f4                feof_unlocked@@GLIBC_2.4
                0x0000000000015700                getutxent@@GLIBC_2.4
                0x000000000001570c                recv@@GLIBC_2.4
                0x0000000000015718                realpath@@GLIBC_2.4
                0x0000000000015724                siglongjmp@@GLIBC_2.4
                0x0000000000015730                close@@GLIBC_2.4
                0x0000000000015740                __lxstat64@@GLIBC_2.4
                0x000000000001574c                mkfifo@@GLIBC_2.4
                0x0000000000015758                connect@@GLIBC_2.4
                0x0000000000015764                closedir@@GLIBC_2.4
                0x0000000000015770                getgrgid@@GLIBC_2.4
                0x000000000001577c                getgrnam@@GLIBC_2.4
                0x0000000000015788                sched_setscheduler@@GLIBC_2.4
                0x0000000000015794                putchar_unlocked@@GLIBC_2.4
                0x00000000000157a0                strspn@@GLIBC_2.4
                0x00000000000157ac                fchmod@@GLIBC_2.4
                0x00000000000157b8                tcgetattr@@GLIBC_2.4
                0x00000000000157c4                putc_unlocked@@GLIBC_2.4
                0x00000000000157d0                tcgetsid@@GLIBC_2.4
                0x00000000000157dc                ftello64@@GLIBC_2.4
                0x00000000000157e8                pclose@@GLIBC_2.4
                0x00000000000157f4                mount@@GLIBC_2.4

.iplt           0x0000000000015800        0x0
 *(SORT_BY_ALIGNMENT(.iplt))
 .iplt          0x0000000000015800        0x0 /home/peter/buildroot-2020.02.8/output/host/arm-buildroot-linux-gnueabihf/sysroot/usr/lib/crt1.o

.text           0x0000000000015800    0x895bc
 *(SORT_BY_ALIGNMENT(.text.unlikely) SORT_BY_ALIGNMENT(.text.*_unlikely) SORT_BY_ALIGNMENT(.text.unlikely.*))
 *(SORT_BY_ALIGNMENT(.text.exit) SORT_BY_ALIGNMENT(.text.exit.*))
 *(SORT_BY_ALIGNMENT(.text.startup) SORT_BY_ALIGNMENT(.text.startup.*))
 *(SORT_BY_ALIGNMENT(.text.hot) SORT_BY_ALIGNMENT(.text.hot.*))
 *(SORT_BY_ALIGNMENT(.text) SORT_BY_ALIGNMENT(.stub) SORT_BY_ALIGNMENT(.text.*) SORT_BY_ALIGNMENT(.gnu.linkonce.t.*))
 .text.identify
                0x0000000000015800     0x1250 miscutils/lib.a(hdparm.o)
 .text.ping_main
                0x0000000000016a50      0x5e8 networking/lib.a(ping.o)
                0x0000000000016a50                ping_main
 .text.cbq_print_opt
                0x0000000000017038      0x26c networking/lib.a(tc.o)
 *fill*         0x00000000000172a4        0x4 
 .text.handle_input
                0x00000000000172a8      0x1f4 procps/lib.a(top.o)
 *fill*         0x000000000001749c        0x4 
 .text.top_main
                0x00000000000174a0      0x318 procps/lib.a(top.o)
                0x00000000000174a0                top_main
 .text.showmode
                0x00000000000177b8      0x16c util-linux/lib.a(fbset.o)
 *fill*         0x0000000000017924        0x4 
 .text.get_boot
                0x0000000000017928      0x83c util-linux/lib.a(fdisk.o)
 *fill*         0x0000000000018164        0x4 
 .text.df_main  0x0000000000018168      0x36c coreutils/lib.a(df.o)
                0x0000000000018168                df_main
 *fill*         0x00000000000184d4        0x4 
 .text.evaluate
                0x00000000000184d8      0xe34 editors/lib.a(awk.o)
 *fill*         0x000000000001930c        0x4 
 .text.cmp_main
                0x0000000000019310      0x2b0 editors/lib.a(cmp.o)
                0x0000000000019310                cmp_main
 .text.sleep_for_duration
                0x00000000000195c0       0x94 libbb/lib.a(duration.o)
                0x00000000000195c0                sleep_for_duration
 *fill*         0x0000000000019654        0x4 
 .text          0x0000000000019658       0x48 /home/peter/gcc-arm-9.2-2019.12-x86_64-arm-none-linux-gnueabihf/bin/../lib/gcc/arm-none-linux-gnueabihf/9.2.1/libgcc.a(_fixunsdfdi.o)
                0x0000000000019658                __aeabi_d2ulz
                0x0000000000019658                __fixunsdfdi
 .text          0x00000000000196a0       0x30 /home/peter/buildroot-2020.02.8/output/host/arm-buildroot-linux-gnueabihf/sysroot/usr/lib/crt1.o
                0x00000000000196a0                _start
 .text          0x00000000000196d0       0x24 /home/peter/buildroot-2020.02.8/output/host/arm-buildroot-linux-gnueabihf/sysroot/usr/lib/crti.o
 .text          0x00000000000196f4       0x6c /home/peter/gcc-arm-9.2-2019.12-x86_64-arm-none-linux-gnueabihf/bin/../lib/gcc/arm-none-linux-gnueabihf/9.2.1/crtbegin.o
 .text.string_array_len
                0x0000000000019760       0x24 libbb/lib.a(appletlib.o)
                0x0000000000019760                string_array_len
 .text.find_applet_by_name
                0x0000000000019784       0xa8 libbb/lib.a(appletlib.o)
                0x0000000000019784                find_applet_by_name
 .text.bb_show_usage
                0x000000000001982c       0xbc libbb/lib.a(appletlib.o)
                0x000000000001982c                bb_show_usage
 .text.scripted_main
                0x00000000000198e8       0x38 libbb/lib.a(appletlib.o)
                0x00000000000198e8                scripted_main
 .text.lbb_prepare
                0x0000000000019920       0x28 libbb/lib.a(appletlib.o)
                0x0000000000019920                lbb_prepare
 .text.get_script_content
                0x0000000000019948       0x40 libbb/lib.a(appletlib.o)
                0x0000000000019948                get_script_content
 .text.run_applet_no_and_exit
                0x0000000000019988      0x120 libbb/lib.a(appletlib.o)
                0x0000000000019988                run_applet_no_and_exit
 .text.run_applet_and_exit
                0x0000000000019aa8      0x3a8 libbb/lib.a(appletlib.o)
 .text.main     0x0000000000019e50       0x74 libbb/lib.a(appletlib.o)
                0x0000000000019e50                main
 .text.is_prefixed_with
                0x0000000000019ec4       0x24 libbb/lib.a(compare_string_array.o)
                0x0000000000019ec4                is_prefixed_with
 .text.is_suffixed_with
                0x0000000000019ee8       0x4c libbb/lib.a(compare_string_array.o)
                0x0000000000019ee8                is_suffixed_with
 .text.index_in_strings
                0x0000000000019f34       0x54 libbb/lib.a(compare_string_array.o)
                0x0000000000019f34                index_in_strings
 .text.index_in_substrings
                0x0000000000019f88       0x90 libbb/lib.a(compare_string_array.o)
                0x0000000000019f88                index_in_substrings
 .text.nth_string
                0x000000000001a018       0x34 libbb/lib.a(compare_string_array.o)
                0x000000000001a018                nth_string
 .text.concat_path_file
                0x000000000001a04c       0x64 libbb/lib.a(concat_path_file.o)
                0x000000000001a04c                concat_path_file
 .text.bb_basename
                0x000000000001a0b0       0x20 libbb/lib.a(get_last_path_component.o)
                0x000000000001a0b0                bb_basename
 .text.bb_get_last_path_component_nostrip
                0x000000000001a0d0       0x3c libbb/lib.a(get_last_path_component.o)
                0x000000000001a0d0                bb_get_last_path_component_nostrip
 .text.bb_get_last_path_component_strip
                0x000000000001a10c       0x54 libbb/lib.a(get_last_path_component.o)
                0x000000000001a10c                bb_get_last_path_component_strip
 .text.last_char_is
                0x000000000001a160       0x3c libbb/lib.a(last_char_is.o)
                0x000000000001a160                last_char_is
 .text.bb_perror_msg
                0x000000000001a19c       0x4c libbb/lib.a(perror_msg.o)
                0x000000000001a19c                bb_perror_msg
 .text.bb_perror_msg_and_die
                0x000000000001a1e8       0x40 libbb/lib.a(perror_msg.o)
                0x000000000001a1e8                bb_perror_msg_and_die
 .text.bb_simple_perror_msg
                0x000000000001a228       0x10 libbb/lib.a(perror_msg.o)
                0x000000000001a228                bb_simple_perror_msg
 .text.bb_simple_perror_msg_and_die
                0x000000000001a238       0x14 libbb/lib.a(perror_msg.o)
                0x000000000001a238                bb_simple_perror_msg_and_die
 .text.bb_verror_msg
                0x000000000001a24c      0x21c libbb/lib.a(verror_msg.o)
                0x000000000001a24c                bb_verror_msg
 .text.bb_error_msg_and_die
                0x000000000001a468       0x20 libbb/lib.a(verror_msg.o)
                0x000000000001a468                bb_error_msg_and_die
 .text.bb_error_msg
                0x000000000001a488       0x2c libbb/lib.a(verror_msg.o)
                0x000000000001a488                bb_error_msg
 .text.bb_vinfo_msg
                0x000000000001a4b4       0x28 libbb/lib.a(verror_msg.o)
                0x000000000001a4b4                bb_vinfo_msg
 .text.bb_info_msg
                0x000000000001a4dc       0x28 libbb/lib.a(verror_msg.o)
                0x000000000001a4dc                bb_info_msg
 .text.xfunc_die
                0x000000000001a504       0x2c libbb/lib.a(xfunc_die.o)
                0x000000000001a504                xfunc_die
 .text.ndelay_on
                0x000000000001a530       0x34 libbb/lib.a(xfuncs.o)
                0x000000000001a530                ndelay_on
 .text.ndelay_off
                0x000000000001a564       0x34 libbb/lib.a(xfuncs.o)
                0x000000000001a564                ndelay_off
 .text.close_on_exec_on
                0x000000000001a598        0xc libbb/lib.a(xfuncs.o)
                0x000000000001a598                close_on_exec_on
 .text.strncpy_IFNAMSIZ
                0x000000000001a5a4        0x8 libbb/lib.a(xfuncs.o)
                0x000000000001a5a4                strncpy_IFNAMSIZ
 .text.utoa_to_buf
                0x000000000001a5ac       0x78 libbb/lib.a(xfuncs.o)
                0x000000000001a5ac                utoa_to_buf
 .text.itoa_to_buf
                0x000000000001a624       0x28 libbb/lib.a(xfuncs.o)
                0x000000000001a624                itoa_to_buf
 .text.utoa     0x000000000001a64c       0x28 libbb/lib.a(xfuncs.o)
                0x000000000001a64c                utoa
 .text.itoa     0x000000000001a674       0x28 libbb/lib.a(xfuncs.o)
                0x000000000001a674                itoa
 .text.bin2hex  0x000000000001a69c       0x4c libbb/lib.a(xfuncs.o)
                0x000000000001a69c                bin2hex
 .text.hex2bin  0x000000000001a6e8       0xf0 libbb/lib.a(xfuncs.o)
                0x000000000001a6e8                hex2bin
 .text.bb_putchar_stderr
                0x000000000001a7d8       0x20 libbb/lib.a(xfuncs.o)
                0x000000000001a7d8                bb_putchar_stderr
 .text.full_write1_str
                0x000000000001a7f8       0x20 libbb/lib.a(xfuncs.o)
                0x000000000001a7f8                full_write1_str
 .text.full_write2_str
                0x000000000001a818       0x20 libbb/lib.a(xfuncs.o)
                0x000000000001a818                full_write2_str
 .text.get_terminal_width_height
                0x000000000001a838      0x134 libbb/lib.a(xfuncs.o)
                0x000000000001a838                get_terminal_width_height
 .text.get_terminal_width
                0x000000000001a96c       0x1c libbb/lib.a(xfuncs.o)
                0x000000000001a96c                get_terminal_width
 .text.tcsetattr_stdin_TCSANOW
                0x000000000001a988       0x10 libbb/lib.a(xfuncs.o)
                0x000000000001a988                tcsetattr_stdin_TCSANOW
 .text.get_termios_and_make_raw
                0x000000000001a998       0xb4 libbb/lib.a(xfuncs.o)
                0x000000000001a998                get_termios_and_make_raw
 .text.set_termios_to_raw
                0x000000000001aa4c       0x34 libbb/lib.a(xfuncs.o)
                0x000000000001aa4c                set_termios_to_raw
 .text.safe_waitpid
                0x000000000001aa80       0x44 libbb/lib.a(xfuncs.o)
                0x000000000001aa80                safe_waitpid
 .text.wait_any_nohang
                0x000000000001aac4       0x10 libbb/lib.a(xfuncs.o)
                0x000000000001aac4                wait_any_nohang
 .text.wait4pid
                0x000000000001aad4       0x54 libbb/lib.a(xfuncs.o)
                0x000000000001aad4                wait4pid
 .text.wait_for_exitstatus
                0x000000000001ab28       0x30 libbb/lib.a(xfuncs.o)
                0x000000000001ab28                wait_for_exitstatus
 .text.bb_die_memory_exhausted
                0x000000000001ab58       0x10 libbb/lib.a(xfuncs_printf.o)
                0x000000000001ab58                bb_die_memory_exhausted
 .text.malloc_or_warn
                0x000000000001ab68       0x3c libbb/lib.a(xfuncs_printf.o)
                0x000000000001ab68                malloc_or_warn
 .text.xmalloc  0x000000000001aba4       0x28 libbb/lib.a(xfuncs_printf.o)
                0x000000000001aba4                xmalloc
 .text.xrealloc
                0x000000000001abcc       0x28 libbb/lib.a(xfuncs_printf.o)
                0x000000000001abcc                xrealloc
 .text.xzalloc  0x000000000001abf4       0x24 libbb/lib.a(xfuncs_printf.o)
                0x000000000001abf4                xzalloc
 .text.xstrdup  0x000000000001ac18       0x2c libbb/lib.a(xfuncs_printf.o)
                0x000000000001ac18                xstrdup
 .text.xstrndup
                0x000000000001ac44       0x50 libbb/lib.a(xfuncs_printf.o)
                0x000000000001ac44                xstrndup
 .text.xmemdup  0x000000000001ac94       0x24 libbb/lib.a(xfuncs_printf.o)
                0x000000000001ac94                xmemdup
 .text.xfopen   0x000000000001acb8       0x24 libbb/lib.a(xfuncs_printf.o)
                0x000000000001acb8                xfopen
 .text.xopen3   0x000000000001acdc       0x24 libbb/lib.a(xfuncs_printf.o)
                0x000000000001acdc                xopen3
 .text.xopen    0x000000000001ad00        0x8 libbb/lib.a(xfuncs_printf.o)
                0x000000000001ad00                xopen
 .text.open3_or_warn
                0x000000000001ad08       0x2c libbb/lib.a(xfuncs_printf.o)
                0x000000000001ad08                open3_or_warn
 .text.open_or_warn
                0x000000000001ad34        0x8 libbb/lib.a(xfuncs_printf.o)
                0x000000000001ad34                open_or_warn
 .text.xopen_nonblocking
                0x000000000001ad3c        0x8 libbb/lib.a(xfuncs_printf.o)
                0x000000000001ad3c                xopen_nonblocking
 .text.xunlink  0x000000000001ad44       0x24 libbb/lib.a(xfuncs_printf.o)
                0x000000000001ad44                xunlink
 .text.xrename  0x000000000001ad68       0x2c libbb/lib.a(xfuncs_printf.o)
                0x000000000001ad68                xrename
 .text.xpipe    0x000000000001ad94       0x1c libbb/lib.a(xfuncs_printf.o)
                0x000000000001ad94                xpipe
 .text.xdup2    0x000000000001adb0       0x20 libbb/lib.a(xfuncs_printf.o)
                0x000000000001adb0                xdup2
 .text.xmove_fd
                0x000000000001add0       0x20 libbb/lib.a(xfuncs_printf.o)
                0x000000000001add0                xmove_fd
 .text.xwrite   0x000000000001adf0       0x38 libbb/lib.a(xfuncs_printf.o)
                0x000000000001adf0                xwrite
 .text.xwrite_str
                0x000000000001ae28       0x28 libbb/lib.a(xfuncs_printf.o)
                0x000000000001ae28                xwrite_str
 .text.xclose   0x000000000001ae50       0x1c libbb/lib.a(xfuncs_printf.o)
                0x000000000001ae50                xclose
 .text.xlseek   0x000000000001ae6c       0x5c libbb/lib.a(xfuncs_printf.o)
                0x000000000001ae6c                xlseek
 .text.xmkstemp
                0x000000000001aec8       0x24 libbb/lib.a(xfuncs_printf.o)
                0x000000000001aec8                xmkstemp
 .text.die_if_ferror
                0x000000000001aeec       0x24 libbb/lib.a(xfuncs_printf.o)
                0x000000000001aeec                die_if_ferror
 .text.die_if_ferror_stdout
                0x000000000001af10       0x18 libbb/lib.a(xfuncs_printf.o)
                0x000000000001af10                die_if_ferror_stdout
 .text.fflush_all
                0x000000000001af28        0x8 libbb/lib.a(xfuncs_printf.o)
                0x000000000001af28                fflush_all
 .text.bb_putchar
                0x000000000001af30        0x4 libbb/lib.a(xfuncs_printf.o)
                0x000000000001af30                bb_putchar
 .text.xasprintf
                0x000000000001af34       0x3c libbb/lib.a(xfuncs_printf.o)
                0x000000000001af34                xasprintf
 .text.xsetenv  0x000000000001af70       0x18 libbb/lib.a(xfuncs_printf.o)
                0x000000000001af70                xsetenv
 .text.bb_unsetenv
                0x000000000001af88       0x70 libbb/lib.a(xfuncs_printf.o)
                0x000000000001af88                bb_unsetenv
 .text.bb_unsetenv_and_free
                0x000000000001aff8       0x18 libbb/lib.a(xfuncs_printf.o)
                0x000000000001aff8                bb_unsetenv_and_free
 .text.xsetgid  0x000000000001b010       0x1c libbb/lib.a(xfuncs_printf.o)
                0x000000000001b010                xsetgid
 .text.xsetuid  0x000000000001b02c       0x1c libbb/lib.a(xfuncs_printf.o)
                0x000000000001b02c                xsetuid
 .text.xsetegid
                0x000000000001b048       0x1c libbb/lib.a(xfuncs_printf.o)
                0x000000000001b048                xsetegid
 .text.xseteuid
                0x000000000001b064       0x1c libbb/lib.a(xfuncs_printf.o)
                0x000000000001b064                xseteuid
 .text.xopen_as_uid_gid
                0x000000000001b080       0x5c libbb/lib.a(xfuncs_printf.o)
                0x000000000001b080                xopen_as_uid_gid
 .text.xchdir   0x000000000001b0dc       0x24 libbb/lib.a(xfuncs_printf.o)
                0x000000000001b0dc                xchdir
 .text.xfchdir  0x000000000001b100       0x1c libbb/lib.a(xfuncs_printf.o)
                0x000000000001b100                xfchdir
 .text.xchroot  0x000000000001b11c       0x34 libbb/lib.a(xfuncs_printf.o)
                0x000000000001b11c                xchroot
 .text.warn_opendir
                0x000000000001b150       0x2c libbb/lib.a(xfuncs_printf.o)
                0x000000000001b150                warn_opendir
 .text.xopendir
                0x000000000001b17c       0x24 libbb/lib.a(xfuncs_printf.o)
                0x000000000001b17c                xopendir
 .text.xsocket  0x000000000001b1a0       0x1c libbb/lib.a(xfuncs_printf.o)
                0x000000000001b1a0                xsocket
 .text.xbind    0x000000000001b1bc       0x1c libbb/lib.a(xfuncs_printf.o)
                0x000000000001b1bc                xbind
 .text.xsendto  0x000000000001b1d8       0x30 libbb/lib.a(xfuncs_printf.o)
                0x000000000001b1d8                xsendto
 .text.xstat    0x000000000001b208       0x24 libbb/lib.a(xfuncs_printf.o)
                0x000000000001b208                xstat
 .text.xfstat   0x000000000001b22c       0x1c libbb/lib.a(xfuncs_printf.o)
                0x000000000001b22c                xfstat
 .text.ioctl_or_perror_and_die
                0x000000000001b248       0x54 libbb/lib.a(xfuncs_printf.o)
                0x000000000001b248                ioctl_or_perror_and_die
 .text.ioctl_or_perror
                0x000000000001b29c       0x54 libbb/lib.a(xfuncs_printf.o)
                0x000000000001b29c                ioctl_or_perror
 .text.bb_ioctl_or_warn
                0x000000000001b2f0       0x24 libbb/lib.a(xfuncs_printf.o)
                0x000000000001b2f0                bb_ioctl_or_warn
 .text.bb_xioctl
                0x000000000001b314       0x1c libbb/lib.a(xfuncs_printf.o)
                0x000000000001b314                bb_xioctl
 .text.xmalloc_ttyname
                0x000000000001b330       0x30 libbb/lib.a(xfuncs_printf.o)
                0x000000000001b330                xmalloc_ttyname
 .text.generate_uuid
                0x000000000001b360       0xa4 libbb/lib.a(xfuncs_printf.o)
                0x000000000001b360                generate_uuid
 .text.xfork    0x000000000001b404       0x1c libbb/lib.a(xfuncs_printf.o)
                0x000000000001b404                xfork
 .text.xmalloc_readlink
                0x000000000001b420       0x64 libbb/lib.a(xreadlink.o)
                0x000000000001b420                xmalloc_readlink
 .text.xmalloc_follow_symlinks
                0x000000000001b484       0xb8 libbb/lib.a(xreadlink.o)
                0x000000000001b484                xmalloc_follow_symlinks
 .text.xmalloc_readlink_or_warn
                0x000000000001b53c       0x54 libbb/lib.a(xreadlink.o)
                0x000000000001b53c                xmalloc_readlink_or_warn
 .text.xmalloc_realpath
                0x000000000001b590        0x8 libbb/lib.a(xreadlink.o)
                0x000000000001b590                xmalloc_realpath
 .text.xmalloc_realpath_coreutils
                0x000000000001b598       0xa4 libbb/lib.a(xreadlink.o)
                0x000000000001b598                xmalloc_realpath_coreutils
 .text.bb_full_fd_action
                0x000000000001b63c      0x18c libbb/lib.a(copyfd.o)
 .text.bb_copyfd_size
                0x000000000001b7c8       0x2c libbb/lib.a(copyfd.o)
                0x000000000001b7c8                bb_copyfd_size
 .text.bb_copyfd_exact_size
                0x000000000001b7f4       0x60 libbb/lib.a(copyfd.o)
                0x000000000001b7f4                bb_copyfd_exact_size
 .text.bb_copyfd_eof
                0x000000000001b854        0xc libbb/lib.a(copyfd.o)
                0x000000000001b854                bb_copyfd_eof
 .text.full_write
                0x000000000001b860       0x54 libbb/lib.a(full_write.o)
                0x000000000001b860                full_write
 .text.safe_read
                0x000000000001b8b4       0x44 libbb/lib.a(read.o)
                0x000000000001b8b4                safe_read
 .text.full_read
                0x000000000001b8f8       0x58 libbb/lib.a(read.o)
                0x000000000001b8f8                full_read
 .text.read_close
                0x000000000001b950       0x20 libbb/lib.a(read.o)
                0x000000000001b950                read_close
 .text.open_read_close
                0x000000000001b970       0x2c libbb/lib.a(read.o)
                0x000000000001b970                open_read_close
 .text.safe_write
                0x000000000001b99c       0x4c libbb/lib.a(safe_write.o)
                0x000000000001b99c                safe_write
 .text.record_signo
                0x000000000001b9e8       0x10 libbb/lib.a(signals.o)
                0x000000000001b9e8                record_signo
 .text.sigaction_set
                0x000000000001b9f8        0x8 libbb/lib.a(signals.o)
                0x000000000001b9f8                sigaction_set
 .text.sigprocmask_allsigs
                0x000000000001ba00       0x2c libbb/lib.a(signals.o)
                0x000000000001ba00                sigprocmask_allsigs
 .text.sigprocmask2
                0x000000000001ba2c        0x8 libbb/lib.a(signals.o)
                0x000000000001ba2c                sigprocmask2
 .text.bb_signals
                0x000000000001ba34       0x40 libbb/lib.a(signals.o)
                0x000000000001ba34                bb_signals
 .text.bb_signals_recursive_norestart
                0x000000000001ba74       0x60 libbb/lib.a(signals.o)
                0x000000000001ba74                bb_signals_recursive_norestart
 .text.sig_unblock
                0x000000000001bad4       0x38 libbb/lib.a(signals.o)
                0x000000000001bad4                sig_unblock
 .text.kill_myself_with_sig
                0x000000000001bb0c       0x28 libbb/lib.a(signals.o)
                0x000000000001bb0c                kill_myself_with_sig
 .text.signal_SA_RESTART_empty_mask
                0x000000000001bb34       0x40 libbb/lib.a(signals.o)
                0x000000000001bb34                signal_SA_RESTART_empty_mask
 .text.signal_no_SA_RESTART_empty_mask
                0x000000000001bb74       0x38 libbb/lib.a(signals.o)
                0x000000000001bb74                signal_no_SA_RESTART_empty_mask
 .text.get_mono
                0x000000000001bbac       0x28 libbb/lib.a(time.o)
 .text.parse_datestr
                0x000000000001bbd4      0x4ac libbb/lib.a(time.o)
                0x000000000001bbd4                parse_datestr
 .text.validate_tm_time
                0x000000000001c080       0x28 libbb/lib.a(time.o)
                0x000000000001c080                validate_tm_time
 .text.strftime_HHMMSS
                0x000000000001c0a8       0x48 libbb/lib.a(time.o)
                0x000000000001c0a8                strftime_HHMMSS
 .text.strftime_YYYYMMDDHHMMSS
                0x000000000001c0f0       0x48 libbb/lib.a(time.o)
                0x000000000001c0f0                strftime_YYYYMMDDHHMMSS
 .text.monotonic_us
                0x000000000001c138       0x34 libbb/lib.a(time.o)
                0x000000000001c138                monotonic_us
 .text.monotonic_ms
                0x000000000001c16c       0x34 libbb/lib.a(time.o)
                0x000000000001c16c                monotonic_ms
 .text.monotonic_sec
                0x000000000001c1a0       0x18 libbb/lib.a(time.o)
                0x000000000001c1a0                monotonic_sec
 .text.handle_errors.isra.0
                0x000000000001c1b8       0x60 libbb/lib.a(bb_strtonum.o)
 .text.bb_strtoull
                0x000000000001c218       0x70 libbb/lib.a(bb_strtonum.o)
                0x000000000001c218                bb_strtoull
 .text.bb_strtoll
                0x000000000001c288       0x7c libbb/lib.a(bb_strtonum.o)
                0x000000000001c288                bb_strtoll
 .text.bb_strtoul
                0x000000000001c304       0x6c libbb/lib.a(bb_strtonum.o)
                0x000000000001c304                bb_strtoul
 .text.bb_strtol
                0x000000000001c370       0x78 libbb/lib.a(bb_strtonum.o)
                0x000000000001c370                bb_strtol
 .text.addgroup_main
                0x000000000001c3e8      0x174 loginutils/lib.a(addgroup.o)
                0x000000000001c3e8                addgroup_main
 .text.addgroup_wrapper
                0x000000000001c55c       0x7c loginutils/lib.a(adduser.o)
 .text.adduser_main
                0x000000000001c5d8      0x40c loginutils/lib.a(adduser.o)
                0x000000000001c5d8                adduser_main
 .text.cryptpw_main
                0x000000000001c9e4      0x11c loginutils/lib.a(cryptpw.o)
                0x000000000001c9e4                cryptpw_main
 .text.deluser_main
                0x000000000001cb00      0x16c loginutils/lib.a(deluser.o)
                0x000000000001cb00                deluser_main
 .text.sleep10  0x000000000001cc6c        0x8 loginutils/lib.a(getty.o)
 .text.bcode    0x000000000001cc74       0x20 loginutils/lib.a(getty.o)
 .text.set_tty_attrs
                0x000000000001cc94       0x2c loginutils/lib.a(getty.o)
 .text.finalize_tty_attrs
                0x000000000001ccc0       0x80 loginutils/lib.a(getty.o)
 .text.alarm_handler
                0x000000000001cd40       0x10 loginutils/lib.a(getty.o)
 .text.getty_main
                0x000000000001cd50      0x794 loginutils/lib.a(getty.o)
                0x000000000001cd50                getty_main
 .text.alarm_handler
                0x000000000001d4e4       0x3c loginutils/lib.a(login.o)
 .text.login_main
                0x000000000001d520      0x438 loginutils/lib.a(login.o)
                0x000000000001d520                login_main
 .text.passwd_main
                0x000000000001d958      0x454 loginutils/lib.a(passwd.o)
                0x000000000001d958                passwd_main
 .text.su_main  0x000000000001ddac      0x250 loginutils/lib.a(su.o)
                0x000000000001ddac                su_main
 .text.sulogin_main
                0x000000000001dffc      0x148 loginutils/lib.a(sulogin.o)
                0x000000000001dffc                sulogin_main
 .text.acquire_vt
                0x000000000001e144       0x10 loginutils/lib.a(vlock.o)
 .text.release_vt
                0x000000000001e154       0x20 loginutils/lib.a(vlock.o)
 .text.vlock_main
                0x000000000001e174      0x1b4 loginutils/lib.a(vlock.o)
                0x000000000001e174                vlock_main
 .text.bc_vec_pop
                0x000000000001e328       0x28 miscutils/lib.a(bc.o)
 .text.bc_vec_npop
                0x000000000001e350       0x50 miscutils/lib.a(bc.o)
 .text.bc_vec_pop_all
                0x000000000001e3a0        0x8 miscutils/lib.a(bc.o)
 .text.bc_vec_item_rev
                0x000000000001e3a8       0x1c miscutils/lib.a(bc.o)
 .text.bc_vec_top
                0x000000000001e3c4       0x18 miscutils/lib.a(bc.o)
 .text.xc_program_func
                0x000000000001e3dc       0x1c miscutils/lib.a(bc.o)
 .text.bc_program_current_func
                0x000000000001e3f8       0x24 miscutils/lib.a(bc.o)
 .text.xc_program_str
                0x000000000001e41c       0x50 miscutils/lib.a(bc.o)
 .text.bc_num_one
                0x000000000001e46c       0x20 miscutils/lib.a(bc.o)
 .text.bc_num_subArrays
                0x000000000001e48c       0x5c miscutils/lib.a(bc.o)
 .text.BC_NUM_MREQ
                0x000000000001e4e8       0x38 miscutils/lib.a(bc.o)
 .text.bc_num_cmp
                0x000000000001e520      0x124 miscutils/lib.a(bc.o)
 .text.bc_num_clean
                0x000000000001e644       0x40 miscutils/lib.a(bc.o)
 .text.xc_lex_lineComment
                0x000000000001e684       0x34 miscutils/lib.a(bc.o)
 .text.xc_lex_whitespace
                0x000000000001e6b8       0x40 miscutils/lib.a(bc.o)
 .text.parse_lex_by_checking_eq_sign
                0x000000000001e6f8       0x30 miscutils/lib.a(bc.o)
 .text.xc_program_reset
                0x000000000001e728       0x44 miscutils/lib.a(bc.o)
 .text.bc_parse_inst_isLeaf
                0x000000000001e76c       0x1c miscutils/lib.a(bc.o)
 .text.rewrite_label_to_current
                0x000000000001e788       0x28 miscutils/lib.a(bc.o)
 .text.xc_program_index
                0x000000000001e7b0       0x58 miscutils/lib.a(bc.o)
 .text.bc_vec_init
                0x000000000001e808       0x2c miscutils/lib.a(bc.o)
 .text.bc_char_vec_init
                0x000000000001e834        0xc miscutils/lib.a(bc.o)
 .text.bc_func_init
                0x000000000001e840       0x64 miscutils/lib.a(bc.o)
 .text.bc_num_init
                0x000000000001e8a4       0x38 miscutils/lib.a(bc.o)
 .text.bc_num_init_DEF_SIZE
                0x000000000001e8dc        0x8 miscutils/lib.a(bc.o)
 .text.xc_parse_create
                0x000000000001e8e4       0x70 miscutils/lib.a(bc.o)
 .text.bc_num_free
                0x000000000001e954        0x8 miscutils/lib.a(bc.o)
 .text.bc_result_free
                0x000000000001e95c       0x2c miscutils/lib.a(bc.o)
 .text.bc_string_free
                0x000000000001e988        0x8 miscutils/lib.a(bc.o)
 .text.bc_vec_free
                0x000000000001e990       0x18 miscutils/lib.a(bc.o)
 .text.bc_func_free
                0x000000000001e9a8       0x30 miscutils/lib.a(bc.o)
 .text.xc_parse_free
                0x000000000001e9d8       0x34 miscutils/lib.a(bc.o)
 .text.bc_id_free
                0x000000000001ea0c        0x8 miscutils/lib.a(bc.o)
 .text.bc_map_find_ge
                0x000000000001ea14       0x5c miscutils/lib.a(bc.o)
 .text.bc_num_truncate
                0x000000000001ea70       0x34 miscutils/lib.a(bc.o)
 .text.bc_result_pop_and_push
                0x000000000001eaa4       0x54 miscutils/lib.a(bc.o)
 .text.xc_program_binOpRetire
                0x000000000001eaf8       0x30 miscutils/lib.a(bc.o)
 .text.bc_vec_grow
                0x000000000001eb28       0x44 miscutils/lib.a(bc.o)
 .text.bc_vec_npush
                0x000000000001eb6c       0x4c miscutils/lib.a(bc.o)
 .text.bc_vec_push
                0x000000000001ebb8        0xc miscutils/lib.a(bc.o)
 .text.xc_program_add_fn
                0x000000000001ebc4       0x30 miscutils/lib.a(bc.o)
 .text.bc_vec_pushZeroByte
                0x000000000001ebf4        0xc miscutils/lib.a(bc.o)
 .text.bc_array_expand
                0x000000000001ec00       0x74 miscutils/lib.a(bc.o)
 .text.bc_array_init
                0x000000000001ec74       0x34 miscutils/lib.a(bc.o)
 .text.bc_vec_expand
                0x000000000001eca8       0x34 miscutils/lib.a(bc.o)
 .text.bc_num_expand
                0x000000000001ecdc       0x38 miscutils/lib.a(bc.o)
 .text.bc_num_ulong2num
                0x000000000001ed14       0x5c miscutils/lib.a(bc.o)
 .text.bc_num_extend
                0x000000000001ed70       0x64 miscutils/lib.a(bc.o)
 .text.zbc_num_shift
                0x000000000001edd4       0x58 miscutils/lib.a(bc.o)
 .text.bc_num_retireMul
                0x000000000001ee2c       0x4c miscutils/lib.a(bc.o)
 .text.bc_args  0x000000000001ee78       0xb8 miscutils/lib.a(bc.o)
 .text.bc_verror_msg
                0x000000000001ef30       0x78 miscutils/lib.a(bc.o)
 .text.zbc_posix_error_fmt
                0x000000000001efa8       0x6c miscutils/lib.a(bc.o)
 .text.bc_error_fmt
                0x000000000001f014       0x48 miscutils/lib.a(bc.o)
 .text.bc_error
                0x000000000001f05c       0x10 miscutils/lib.a(bc.o)
 .text.zbc_func_insert
                0x000000000001f06c       0x80 miscutils/lib.a(bc.o)
 .text.bc_error_variable_is_wrong_type
                0x000000000001f0ec        0xc miscutils/lib.a(bc.o)
 .text.zbc_num_ulong_abs
                0x000000000001f0f8       0x58 miscutils/lib.a(bc.o)
 .text.zbc_num_ulong
                0x000000000001f150       0x1c miscutils/lib.a(bc.o)
 .text.bc_error_stack_has_too_few_elements
                0x000000000001f16c        0xc miscutils/lib.a(bc.o)
 .text.bad_input_byte
                0x000000000001f178       0x58 miscutils/lib.a(bc.o)
 .text.bc_error_bad_character
                0x000000000001f1d0       0x20 miscutils/lib.a(bc.o)
 .text.xc_program_name
                0x000000000001f1f0       0x30 miscutils/lib.a(bc.o)
 .text.xc_parse_pushName
                0x000000000001f220       0x4c miscutils/lib.a(bc.o)
 .text.bc_vec_string
                0x000000000001f26c       0x40 miscutils/lib.a(bc.o)
 .text.xc_lex_name
                0x000000000001f2ac       0x7c miscutils/lib.a(bc.o)
 .text.zbc_num_binary
                0x000000000001f328      0x100 miscutils/lib.a(bc.o)
 .text.zbc_num_mul
                0x000000000001f428       0x3c miscutils/lib.a(bc.o)
 .text.zbc_num_sub
                0x000000000001f464       0x6c miscutils/lib.a(bc.o)
 .text.zbc_num_div
                0x000000000001f4d0       0x3c miscutils/lib.a(bc.o)
 .text.zbc_num_mod
                0x000000000001f50c       0x3c miscutils/lib.a(bc.o)
 .text.zbc_num_pow
                0x000000000001f548       0x30 miscutils/lib.a(bc.o)
 .text.bc_num_copy
                0x000000000001f578       0x44 miscutils/lib.a(bc.o)
 .text.zbc_num_a
                0x000000000001f5bc      0x1ac miscutils/lib.a(bc.o)
 .text.zbc_num_s
                0x000000000001f768      0x124 miscutils/lib.a(bc.o)
 .text.bc_num_split
                0x000000000001f88c       0x88 miscutils/lib.a(bc.o)
 .text.fflush_and_check
                0x000000000001f914       0x48 miscutils/lib.a(bc.o)
 .text.quit     0x000000000001f95c       0x34 miscutils/lib.a(bc.o)
 .text.bc_error_at
                0x000000000001f990       0x5c miscutils/lib.a(bc.o)
 .text.bc_error_bad_expression
                0x000000000001f9ec        0xc miscutils/lib.a(bc.o)
 .text.bc_error_bad_token
                0x000000000001f9f8        0xc miscutils/lib.a(bc.o)
 .text.bc_num_printNewline
                0x000000000001fa04       0x40 miscutils/lib.a(bc.o)
 .text.bc_num_printHex
                0x000000000001fa44       0x5c miscutils/lib.a(bc.o)
 .text.bc_num_printDigits
                0x000000000001faa0       0xa4 miscutils/lib.a(bc.o)
 .text.dc_num_printChar
                0x000000000001fb44       0x2c miscutils/lib.a(bc.o)
 .text.xc_program_dereference.isra.0
                0x000000000001fb70       0x5c miscutils/lib.a(bc.o)
 .text.zbc_num_p
                0x000000000001fbcc      0x2ac miscutils/lib.a(bc.o)
 .text.zbc_num_add
                0x000000000001fe78       0x6c miscutils/lib.a(bc.o)
 .text.zbc_num_k
                0x000000000001fee4      0x3ac miscutils/lib.a(bc.o)
 .text.zbc_num_m
                0x0000000000020290      0x144 miscutils/lib.a(bc.o)
 .text.zbc_num_d
                0x00000000000203d4      0x2a8 miscutils/lib.a(bc.o)
 .text.zbc_num_r
                0x000000000002067c      0x110 miscutils/lib.a(bc.o)
 .text.zbc_num_rem
                0x000000000002078c       0x74 miscutils/lib.a(bc.o)
 .text.zbc_num_divmod
                0x0000000000020800       0xc0 miscutils/lib.a(bc.o)
 .text.zxc_num_printNum
                0x00000000000208c0      0x23c miscutils/lib.a(bc.o)
 .text.bc_map_insert
                0x0000000000020afc       0xb4 miscutils/lib.a(bc.o)
 .text.bc_program_addFunc
                0x0000000000020bb0       0x88 miscutils/lib.a(bc.o)
 .text.xc_vm_init
                0x0000000000020c38      0x2ac miscutils/lib.a(bc.o)
 .text.xc_program_search
                0x0000000000020ee4       0xa8 miscutils/lib.a(bc.o)
 .text.xc_program_pushVar
                0x0000000000020f8c       0xdc miscutils/lib.a(bc.o)
 .text.zxc_program_num
                0x0000000000021068      0x4e0 miscutils/lib.a(bc.o)
 .text.zxc_program_binOpPrep
                0x0000000000021548      0x140 miscutils/lib.a(bc.o)
 .text.zxc_program_prep
                0x0000000000021688       0x80 miscutils/lib.a(bc.o)
 .text.xc_program_print
                0x0000000000021708      0x354 miscutils/lib.a(bc.o)
 .text.zxc_program_assign
                0x0000000000021a5c      0x20c miscutils/lib.a(bc.o)
 .text.bc_map_find_exact
                0x0000000000021c68       0x4c miscutils/lib.a(bc.o)
 .text.xc_read_line
                0x0000000000021cb4      0x198 miscutils/lib.a(bc.o)
 .text.peek_inbuf
                0x0000000000021e4c       0x54 miscutils/lib.a(bc.o)
 .text.eat_inbuf
                0x0000000000021ea0       0x2c miscutils/lib.a(bc.o)
 .text.zxc_lex_number
                0x0000000000021ecc      0x13c miscutils/lib.a(bc.o)
 .text.xc_parse_push
                0x0000000000022008       0x28 miscutils/lib.a(bc.o)
 .text.bc_parse_operator
                0x0000000000022030       0xcc miscutils/lib.a(bc.o)
 .text.bc_vec_pushIndex
                0x00000000000220fc       0x70 miscutils/lib.a(bc.o)
 .text.xc_parse_pushInst_and_Index
                0x000000000002216c       0x28 miscutils/lib.a(bc.o)
 .text.xc_parse_pushNUM
                0x0000000000022194       0x58 miscutils/lib.a(bc.o)
 .text.zxc_program_popResultAndCopyToVar
                0x00000000000221ec      0x284 miscutils/lib.a(bc.o)
 .text.zxc_lex_next
                0x0000000000022470      0x898 miscutils/lib.a(bc.o)
 .text.zxc_parse_text_init
                0x0000000000022d08       0x38 miscutils/lib.a(bc.o)
 .text.zbc_parse_pushSTR
                0x0000000000022d40       0x48 miscutils/lib.a(bc.o)
 .text.zdc_parse_register
                0x0000000000022d88       0x40 miscutils/lib.a(bc.o)
 .text.zdc_parse_mem
                0x0000000000022dc8       0x54 miscutils/lib.a(bc.o)
 .text.zdc_parse_expr
                0x0000000000022e1c      0x288 miscutils/lib.a(bc.o)
 .text.zdc_parse_exprs_until_eof
                0x00000000000230a4       0x2c miscutils/lib.a(bc.o)
 .text.zbc_parse_expr
                0x00000000000230d0      0x878 miscutils/lib.a(bc.o)
 .text.zbc_parse_name
                0x0000000000023948      0x1d0 miscutils/lib.a(bc.o)
 .text.zbc_parse_stmt_possibly_auto
                0x0000000000023b18      0x778 miscutils/lib.a(bc.o)
 .text.zbc_parse_stmt_allow_NLINE_before
                0x0000000000024290       0x68 miscutils/lib.a(bc.o)
 .text.zxc_vm_process
                0x00000000000242f8     0x1b28 miscutils/lib.a(bc.o)
 .text.zxc_vm_execute_FILE
                0x0000000000025e20       0x58 miscutils/lib.a(bc.o)
 .text.zxc_vm_exec
                0x0000000000025e78       0xbc miscutils/lib.a(bc.o)
 .text.bc_main  0x0000000000025f34       0x70 miscutils/lib.a(bc.o)
                0x0000000000025f34                bc_main
 .text.dc_main  0x0000000000025fa4      0x128 miscutils/lib.a(bc.o)
                0x0000000000025fa4                dc_main
 .text.log8     0x00000000000260cc       0x3c miscutils/lib.a(crond.o)
 .text.reopen_logfile_to_stderr
                0x0000000000026108       0x34 miscutils/lib.a(crond.o)
 .text.delete_cronfile
                0x000000000002613c       0xa8 miscutils/lib.a(crond.o)
 .text.ParseField
                0x00000000000261e4      0x1f0 miscutils/lib.a(crond.o)
 .text.safe_setenv
                0x00000000000263d4       0x40 miscutils/lib.a(crond.o)
 .text.log7.constprop.0
                0x0000000000026414       0x40 miscutils/lib.a(crond.o)
 .text.log5     0x0000000000026454       0x3c miscutils/lib.a(crond.o)
 .text.load_crontab
                0x0000000000026490      0x3ac miscutils/lib.a(crond.o)
 .text.rescan_crontab_dir
                0x000000000002683c       0xb0 miscutils/lib.a(crond.o)
 .text.start_one_job
                0x00000000000268ec      0x174 miscutils/lib.a(crond.o)
 .text.start_jobs
                0x0000000000026a60       0x98 miscutils/lib.a(crond.o)
 .text.crond_main
                0x0000000000026af8      0x3e0 miscutils/lib.a(crond.o)
                0x0000000000026af8                crond_main
 .text.edit_file
                0x0000000000026ed8       0x9c miscutils/lib.a(crontab.o)
 .text.crontab_main
                0x0000000000026f74      0x29c miscutils/lib.a(crontab.o)
                0x0000000000026f74                crontab_main
 .text.devmem_main
                0x0000000000027210      0x224 miscutils/lib.a(devmem.o)
                0x0000000000027210                devmem_main
 .text.parse_opts
                0x0000000000027434       0x34 miscutils/lib.a(hdparm.o)
 .text.parse_opts_0_1
                0x0000000000027468        0xc miscutils/lib.a(hdparm.o)
 .text.parse_opts_0_INTMAX
                0x0000000000027474        0xc miscutils/lib.a(hdparm.o)
 .text.translate_xfermode
                0x0000000000027480       0x88 miscutils/lib.a(hdparm.o)
 .text.read_big_block
                0x0000000000027508       0x38 miscutils/lib.a(hdparm.o)
 .text.xprint_ascii
                0x0000000000027540       0x88 miscutils/lib.a(hdparm.o)
 .text.mode_loop
                0x00000000000275c8       0x90 miscutils/lib.a(hdparm.o)
 .text.print_value_on_off
                0x0000000000027658       0x3c miscutils/lib.a(hdparm.o)
 .text.identify_from_stdin
                0x0000000000027694       0x94 miscutils/lib.a(hdparm.o)
 .text.dump_identity
                0x0000000000027728      0x4a0 miscutils/lib.a(hdparm.o)
 .text.seek_to_zero
                0x0000000000027bc8       0x24 miscutils/lib.a(hdparm.o)
 .text.flush_buffer_cache
                0x0000000000027bec       0x6c miscutils/lib.a(hdparm.o)
 .text.do_time  0x0000000000027c58      0x1d0 miscutils/lib.a(hdparm.o)
 .text.ioctl_alt_func.constprop.0
                0x0000000000027e28       0x44 miscutils/lib.a(hdparm.o)
 .text.print_flag_on_off.constprop.0
                0x0000000000027e6c       0x3c miscutils/lib.a(hdparm.o)
 .text.process_dev
                0x0000000000027ea8      0xbd0 miscutils/lib.a(hdparm.o)
 .text.hdparm_main
                0x0000000000028a78      0x3fc miscutils/lib.a(hdparm.o)
                0x0000000000028a78                hdparm_main
 .text.format_line
                0x0000000000028e74      0x140 miscutils/lib.a(hexedit.o)
 .text.redraw_cur_line
                0x0000000000028fb4       0x6c miscutils/lib.a(hexedit.o)
 .text.redraw   0x0000000000029020       0xe4 miscutils/lib.a(hexedit.o)
 .text.restore_term
                0x0000000000029104       0x2c miscutils/lib.a(hexedit.o)
 .text.sig_catcher
                0x0000000000029130       0x3c miscutils/lib.a(hexedit.o)
 .text.remap    0x000000000002916c       0xb4 miscutils/lib.a(hexedit.o)
 .text.move_mapping_further
                0x0000000000029220       0x90 miscutils/lib.a(hexedit.o)
 .text.move_mapping_lower
                0x00000000000292b0       0x88 miscutils/lib.a(hexedit.o)
 .text.hexedit_main
                0x0000000000029338      0x56c miscutils/lib.a(hexedit.o)
                0x0000000000029338                hexedit_main
 .text.i2c_bus_lookup
                0x00000000000298a4       0x14 miscutils/lib.a(i2c_tools.o)
 .text.i2c_dev_open
                0x00000000000298b8       0x6c miscutils/lib.a(i2c_tools.o)
 .text.check_funcs_test_end
                0x0000000000029924       0x3c miscutils/lib.a(i2c_tools.o)
 .text.get_funcs_matrix
                0x0000000000029960       0x14 miscutils/lib.a(i2c_tools.o)
 .text.check_read_funcs
                0x0000000000029974       0xe8 miscutils/lib.a(i2c_tools.o)
 .text.i2c_set_slave_addr
                0x0000000000029a5c       0x34 miscutils/lib.a(i2c_tools.o)
 .text.confirm_or_abort
                0x0000000000029a90       0x34 miscutils/lib.a(i2c_tools.o)
 .text.confirm_action
                0x0000000000029ac4       0x84 miscutils/lib.a(i2c_tools.o)
 .text.i2c_smbus_access
                0x0000000000029b48       0x2c miscutils/lib.a(i2c_tools.o)
 .text.i2c_smbus_read_byte
                0x0000000000029b74       0x30 miscutils/lib.a(i2c_tools.o)
 .text.i2c_smbus_read_word_data
                0x0000000000029ba4       0x30 miscutils/lib.a(i2c_tools.o)
 .text.i2c_smbus_read_byte_data
                0x0000000000029bd4       0x30 miscutils/lib.a(i2c_tools.o)
 .text.list_i2c_busses_and_exit
                0x0000000000029c04      0x22c miscutils/lib.a(i2c_tools.o)
 .text.i2cget_main
                0x0000000000029e30      0x200 miscutils/lib.a(i2c_tools.o)
                0x0000000000029e30                i2cget_main
 .text.i2cset_main
                0x000000000002a030      0x5b4 miscutils/lib.a(i2c_tools.o)
                0x000000000002a030                i2cset_main
 .text.i2cdump_main
                0x000000000002a5e4      0x6e8 miscutils/lib.a(i2c_tools.o)
                0x000000000002a5e4                i2cdump_main
 .text.i2cdetect_main
                0x000000000002accc      0x33c miscutils/lib.a(i2c_tools.o)
                0x000000000002accc                i2cdetect_main
 .text.i2ctransfer_main
                0x000000000002b008      0x368 miscutils/lib.a(i2c_tools.o)
                0x000000000002b008                i2ctransfer_main
 .text.at_end   0x000000000002b370       0x78 miscutils/lib.a(less.o)
 .text.safe_lineno
                0x000000000002b3e8       0x34 miscutils/lib.a(less.o)
 .text.opp_bracket
                0x000000000002b41c       0x6c miscutils/lib.a(less.o)
 .text.set_tty_cooked
                0x000000000002b488       0x28 miscutils/lib.a(less.o)
 .text.clear_line
                0x000000000002b4b0       0x20 miscutils/lib.a(less.o)
 .text.less_exit
                0x000000000002b4d0       0x48 miscutils/lib.a(less.o)
 .text.sig_catcher
                0x000000000002b518        0xc miscutils/lib.a(less.o)
 .text.print_statusline
                0x000000000002b524       0x34 miscutils/lib.a(less.o)
 .text.fill_match_lines
                0x000000000002b558       0xa4 miscutils/lib.a(less.o)
 .text.read_lines
                0x000000000002b5fc      0x354 miscutils/lib.a(less.o)
 .text.goto_lineno
                0x000000000002b950       0xa0 miscutils/lib.a(less.o)
 .text.cap_cur_fline
                0x000000000002b9f0       0x94 miscutils/lib.a(less.o)
 .text.update_num_lines
                0x000000000002ba84      0x100 miscutils/lib.a(less.o)
 .text.m_status_print
                0x000000000002bb84      0x144 miscutils/lib.a(less.o)
 .text.status_print
                0x000000000002bcc8       0xa0 miscutils/lib.a(less.o)
 .text.buffer_print
                0x000000000002bd68      0x358 miscutils/lib.a(less.o)
 .text.buffer_fill_and_print
                0x000000000002c0c0       0xdc miscutils/lib.a(less.o)
 .text.reinitialize
                0x000000000002c19c       0xc4 miscutils/lib.a(less.o)
 .text.change_file
                0x000000000002c260       0x88 miscutils/lib.a(less.o)
 .text.buffer_down
                0x000000000002c2e8       0x54 miscutils/lib.a(less.o)
 .text.buffer_up
                0x000000000002c33c       0x58 miscutils/lib.a(less.o)
 .text.buffer_to_line
                0x000000000002c394       0x50 miscutils/lib.a(less.o)
 .text.goto_match
                0x000000000002c3e4       0x80 miscutils/lib.a(less.o)
 .text.getch_nowait
                0x000000000002c464      0x10c miscutils/lib.a(less.o)
 .text.less_getch
                0x000000000002c570       0x50 miscutils/lib.a(less.o)
 .text.less_gets
                0x000000000002c5c0       0xd4 miscutils/lib.a(less.o)
 .text.examine_file
                0x000000000002c694       0x8c miscutils/lib.a(less.o)
 .text.regex_process
                0x000000000002c720      0x128 miscutils/lib.a(less.o)
 .text.less_main
                0x000000000002c848      0x984 miscutils/lib.a(less.o)
                0x000000000002c848                less_main
 .text.get_line
                0x000000000002d1cc       0x50 miscutils/lib.a(lsscsi.o)
 .text.lsscsi_main
                0x000000000002d21c      0x188 miscutils/lib.a(lsscsi.o)
                0x000000000002d21c                lsscsi_main
 .text.makedevs_main
                0x000000000002d3a4      0x428 miscutils/lib.a(makedevs.o)
                0x000000000002d3a4                makedevs_main
 .text.microcom_main
                0x000000000002d7cc      0x2fc miscutils/lib.a(microcom.o)
                0x000000000002d7cc                microcom_main
 .text.mt_main  0x000000000002dac8      0x130 miscutils/lib.a(mt.o)
                0x000000000002dac8                mt_main
 .text.partprobe_main
                0x000000000002dbf8       0x78 miscutils/lib.a(partprobe.o)
                0x000000000002dbf8                partprobe_main
 .text.runlevel_main
                0x000000000002dc70       0x84 miscutils/lib.a(runlevel.o)
                0x000000000002dc70                runlevel_main
 .text.setfattr_main
                0x000000000002dcf4       0xf0 miscutils/lib.a(setfattr.o)
                0x000000000002dcf4                setfattr_main
 .text.index_in_strings_case_insensitive
                0x000000000002dde4       0x54 miscutils/lib.a(setserial.o)
 .text.get_numeric
                0x000000000002de38        0xc miscutils/lib.a(setserial.o)
 .text.serial_ctl
                0x000000000002de44       0xb0 miscutils/lib.a(setserial.o)
 .text.setserial_main
                0x000000000002def4      0x5e0 miscutils/lib.a(setserial.o)
                0x000000000002def4                setserial_main
 .text.strings_main
                0x000000000002e4d4      0x1f4 miscutils/lib.a(strings.o)
                0x000000000002e4d4                strings_main
 .text.ptok     0x000000000002e6c8       0x20 miscutils/lib.a(time.o)
 .text.run_command
                0x000000000002e6e8       0xec miscutils/lib.a(time.o)
 .text.time_main
                0x000000000002e7d4      0x520 miscutils/lib.a(time.o)
                0x000000000002e7d4                time_main
 .text.ts_main  0x000000000002ecf4      0x1a4 miscutils/lib.a(ts.o)
                0x000000000002ecf4                ts_main
 .text.ubirename_main
                0x000000000002ee98      0x100 miscutils/lib.a(ubirename.o)
                0x000000000002ee98                ubirename_main
 .text.shutdown_watchdog
                0x000000000002ef98       0x24 miscutils/lib.a(watchdog.o)
 .text.shutdown_on_signal
                0x000000000002efbc       0x10 miscutils/lib.a(watchdog.o)
 .text.watchdog_main
                0x000000000002efcc      0x140 miscutils/lib.a(watchdog.o)
                0x000000000002efcc                watchdog_main
 .text.insmod_main
                0x000000000002f10c       0x58 modutils/lib.a(insmod.o)
                0x000000000002f10c                insmod_main
 .text.lsmod_main
                0x000000000002f164      0x10c modutils/lib.a(lsmod.o)
                0x000000000002f164                lsmod_main
 .text.read_config
                0x000000000002f270       0x28 modutils/lib.a(modprobe.o)
 .text.gather_options_str
                0x000000000002f298       0x64 modutils/lib.a(modprobe.o)
 .text.load_modules_dep
                0x000000000002f2fc      0x12c modutils/lib.a(modprobe.o)
 .text.get_or_add_modentry
                0x000000000002f428       0x18 modutils/lib.a(modprobe.o)
 .text.add_probe
                0x000000000002f440       0x80 modutils/lib.a(modprobe.o)
 .text.config_file_action
                0x000000000002f4c0      0x1e8 modutils/lib.a(modprobe.o)
 .text.do_modprobe
                0x000000000002f6a8      0x318 modutils/lib.a(modprobe.o)
 .text.modprobe_main
                0x000000000002f9c0      0x36c modutils/lib.a(modprobe.o)
                0x000000000002f9c0                modprobe_main
 .text.replace  0x000000000002fd2c       0x1c modutils/lib.a(modutils.o)
                0x000000000002fd2c                replace
 .text.string_to_llist
                0x000000000002fd48       0x60 modutils/lib.a(modutils.o)
                0x000000000002fd48                string_to_llist
 .text.filename2modname
                0x000000000002fda8       0x74 modutils/lib.a(modutils.o)
                0x000000000002fda8                filename2modname
 .text.helper_get_module
                0x000000000002fe1c       0xa0 modutils/lib.a(modutils.o)
 .text.moddb_get
                0x000000000002febc        0x8 modutils/lib.a(modutils.o)
                0x000000000002febc                moddb_get
 .text.moddb_get_or_create
                0x000000000002fec4        0x8 modutils/lib.a(modutils.o)
                0x000000000002fec4                moddb_get_or_create
 .text.parse_cmdline_module_options
                0x000000000002fecc       0xc4 modutils/lib.a(modutils.o)
                0x000000000002fecc                parse_cmdline_module_options
 .text.bb_init_module
                0x000000000002ff90       0xc4 modutils/lib.a(modutils.o)
                0x000000000002ff90                bb_init_module
 .text.bb_delete_module
                0x0000000000030054       0x30 modutils/lib.a(modutils.o)
                0x0000000000030054                bb_delete_module
 .text.moderror
                0x0000000000030084       0x98 modutils/lib.a(modutils.o)
                0x0000000000030084                moderror
 .text.rmmod_main
                0x000000000003011c       0xc8 modutils/lib.a(rmmod.o)
                0x000000000003011c                rmmod_main
 .text.arp_show
                0x00000000000301e4      0x2d0 networking/lib.a(arp.o)
 .text.arp_main
                0x00000000000304b4      0x5f4 networking/lib.a(arp.o)
                0x00000000000304b4                arp_main
 .text.finish   0x0000000000030aa8       0x84 networking/lib.a(arping.o)
 .text.catcher  0x0000000000030b2c      0x16c networking/lib.a(arping.o)
 .text.arping_main
                0x0000000000030c98      0x6f4 networking/lib.a(arping.o)
                0x0000000000030c98                arping_main
 .text.undot    0x000000000003138c       0x40 networking/lib.a(dnsd.o)
 .text.dnsd_main
                0x00000000000313cc      0x570 networking/lib.a(dnsd.o)
                0x00000000000313cc                dnsd_main
 .text.ether_wake_main
                0x000000000003193c      0x29c networking/lib.a(ether-wake.o)
                0x000000000003193c                ether_wake_main
 .text.do_sethostname
                0x0000000000031bd8       0x8c networking/lib.a(hostname.o)
 .text.hostname_main
                0x0000000000031c64      0x164 networking/lib.a(hostname.o)
                0x0000000000031c64                hostname_main
 .text.ifconfig_main
                0x0000000000031dc8      0x490 networking/lib.a(ifconfig.o)
                0x0000000000031dc8                ifconfig_main
 .text.manual_up_down6
                0x0000000000032258        0x8 networking/lib.a(ifupdown.o)
 .text.check    0x0000000000032260        0xc networking/lib.a(ifupdown.o)
 .text.doit     0x000000000003226c       0xb0 networking/lib.a(ifupdown.o)
 .text.setlocalenv
                0x000000000003231c       0x74 networking/lib.a(ifupdown.o)
 .text.set_environ
                0x0000000000032390      0x170 networking/lib.a(ifupdown.o)
 .text.execute_all
                0x0000000000032500       0x7c networking/lib.a(ifupdown.o)
 .text.iface_down
                0x000000000003257c       0xb0 networking/lib.a(ifupdown.o)
 .text.iface_up
                0x000000000003262c       0xb0 networking/lib.a(ifupdown.o)
 .text.find_iface_state
                0x00000000000326dc       0x44 networking/lib.a(ifupdown.o)
 .text.next_word
                0x0000000000032720       0x5c networking/lib.a(ifupdown.o)
 .text.strncmpz
                0x000000000003277c       0x20 networking/lib.a(ifupdown.o)
 .text.get_var  0x000000000003279c       0x94 networking/lib.a(ifupdown.o)
 .text.addstr   0x0000000000032830       0x58 networking/lib.a(ifupdown.o)
 .text.execute  0x0000000000032888      0x2e0 networking/lib.a(ifupdown.o)
 .text.loopback_down6
                0x0000000000032b68       0x14 networking/lib.a(ifupdown.o)
 .text.loopback_up6
                0x0000000000032b7c       0x48 networking/lib.a(ifupdown.o)
 .text.static_up6
                0x0000000000032bc4       0x60 networking/lib.a(ifupdown.o)
 .text.v4tunnel_down
                0x0000000000032c24       0x14 networking/lib.a(ifupdown.o)
 .text.v4tunnel_up
                0x0000000000032c38       0x78 networking/lib.a(ifupdown.o)
 .text.loopback_down
                0x0000000000032cb0       0x48 networking/lib.a(ifupdown.o)
 .text.loopback_up
                0x0000000000032cf8       0x48 networking/lib.a(ifupdown.o)
 .text.dhcp_up  0x0000000000032d40       0x40 networking/lib.a(ifupdown.o)
 .text.bootp_up
                0x0000000000032d80       0x14 networking/lib.a(ifupdown.o)
 .text.static_up
                0x0000000000032d94       0x60 networking/lib.a(ifupdown.o)
 .text.ppp_down
                0x0000000000032df4       0x14 networking/lib.a(ifupdown.o)
 .text.ppp_up   0x0000000000032e08       0x14 networking/lib.a(ifupdown.o)
 .text.wvdial_down
                0x0000000000032e1c       0x14 networking/lib.a(ifupdown.o)
 .text.wvdial_up
                0x0000000000032e30       0x14 networking/lib.a(ifupdown.o)
 .text.static_down6
                0x0000000000032e44       0x3c networking/lib.a(ifupdown.o)
 .text.static_down
                0x0000000000032e80       0x64 networking/lib.a(ifupdown.o)
 .text.dhcp_down
                0x0000000000032ee4       0x4c networking/lib.a(ifupdown.o)
 .text.popen2   0x0000000000032f30       0xb4 networking/lib.a(ifupdown.o)
 .text.read_iface_state
                0x0000000000032fe4       0x68 networking/lib.a(ifupdown.o)
 .text.read_interfaces
                0x000000000003304c      0x5bc networking/lib.a(ifupdown.o)
 .text.manual_up_down
                0x0000000000033608        0x8 networking/lib.a(ifupdown.o)
 .text.link_up_down
                0x0000000000033610        0x8 networking/lib.a(ifupdown.o)
 .text.ifupdown_main
                0x0000000000033618      0x56c networking/lib.a(ifupdown.o)
                0x0000000000033618                ifupdown_main
 .text.remove_fd_from_set
                0x0000000000033b84       0x44 networking/lib.a(inetd.o)
 .text.init_ring
                0x0000000000033bc8       0x34 networking/lib.a(inetd.o)
 .text.discard_dg
                0x0000000000033bfc       0x14 networking/lib.a(inetd.o)
 .text.maybe_close
                0x0000000000033c10        0xc networking/lib.a(inetd.o)
 .text.free_servtab_strings
                0x0000000000033c1c       0x5c networking/lib.a(inetd.o)
 .text.bump_nofile
                0x0000000000033c78       0xb8 networking/lib.a(inetd.o)
 .text.add_fd_to_set
                0x0000000000033d30       0x7c networking/lib.a(inetd.o)
 .text.clean_up_and_exit
                0x0000000000033dac       0x48 networking/lib.a(inetd.o)
 .text.reap_child
                0x0000000000033df4       0xb8 networking/lib.a(inetd.o)
 .text.daytime_dg
                0x0000000000033eac       0xa8 networking/lib.a(inetd.o)
 .text.daytime_stream
                0x0000000000033f54       0x34 networking/lib.a(inetd.o)
 .text.machtime_dg
                0x0000000000033f88       0x9c networking/lib.a(inetd.o)
 .text.discard_stream
                0x0000000000034024       0x2c networking/lib.a(inetd.o)
 .text.echo_stream
                0x0000000000034050       0x38 networking/lib.a(inetd.o)
 .text.echo_dg  0x0000000000034088       0x8c networking/lib.a(inetd.o)
 .text.xzalloc_lsa
                0x0000000000034114       0x34 networking/lib.a(inetd.o)
 .text.block_CHLD_HUP_ALRM
                0x0000000000034148       0x40 networking/lib.a(inetd.o)
 .text.rearm_alarm
                0x0000000000034188       0x30 networking/lib.a(inetd.o)
 .text.prepare_socket_fd
                0x00000000000341b8       0xb8 networking/lib.a(inetd.o)
 .text.retry_network_setup
                0x0000000000034270       0x60 networking/lib.a(inetd.o)
 .text.restore_sigmask
                0x00000000000342d0       0x10 networking/lib.a(inetd.o)
 .text.chargen_dg
                0x00000000000342e0      0x100 networking/lib.a(inetd.o)
 .text.chargen_stream
                0x00000000000343e0       0x9c networking/lib.a(inetd.o)
 .text.machtime_stream
                0x000000000003447c       0x44 networking/lib.a(inetd.o)
 .text.parse_one_line
                0x00000000000344c0      0x4ac networking/lib.a(inetd.o)
 .text.reread_config_file
                0x000000000003496c      0x3fc networking/lib.a(inetd.o)
 .text.inetd_main
                0x0000000000034d68      0x92c networking/lib.a(inetd.o)
                0x0000000000034d68                inetd_main
 .text.UNSPEC_print
                0x0000000000035694       0x54 networking/lib.a(interface.o)
 .text.UNSPEC_sprint
                0x00000000000356e8       0x2c networking/lib.a(interface.o)
 .text.INET6_input
                0x0000000000035714        0x4 networking/lib.a(interface.o)
 .text.INET6_sprint